[2022-08-11T08:46:22.385-0500][0.013s][info][gc] Using Parallel
[2022-08-11T08:46:22.385-0500][0.013s][info][gc,heap,coops] Heap address: 0x00000007c0000000, size: 1024 MB, Compressed Oops mode: Zero based, Oop shift amount: 3
[2022-08-11T08:46:26.227-0500][3.855s][info][gc,start     ] GC(0) Pause Young (Metadata GC Threshold)
[2022-08-11T08:46:26.240-0500][3.868s][info][gc,heap      ] GC(0) PSYoungGen: 152858K->27976K(229376K)
[2022-08-11T08:46:26.240-0500][3.868s][info][gc,heap      ] GC(0) ParOldGen: 0K->96K(262144K)
[2022-08-11T08:46:26.240-0500][3.868s][info][gc,metaspace ] GC(0) Metaspace: 20727K->20727K(1069056K)
[2022-08-11T08:46:26.240-0500][3.868s][info][gc           ] GC(0) Pause Young (Metadata GC Threshold) 149M->27M(480M) 13.427ms
[2022-08-11T08:46:26.240-0500][3.868s][info][gc,cpu       ] GC(0) User=0.08s Sys=0.04s Real=0.02s
[2022-08-11T08:46:26.240-0500][3.868s][info][gc,start     ] GC(1) Pause Full (Metadata GC Threshold)
[2022-08-11T08:46:26.240-0500][3.868s][info][gc,phases,start] GC(1) Marking Phase
[2022-08-11T08:46:26.253-0500][3.881s][info][gc,phases      ] GC(1) Marking Phase 12.373ms
[2022-08-11T08:46:26.253-0500][3.881s][info][gc,phases,start] GC(1) Summary Phase
[2022-08-11T08:46:26.253-0500][3.881s][info][gc,phases      ] GC(1) Summary Phase 0.020ms
[2022-08-11T08:46:26.253-0500][3.881s][info][gc,phases,start] GC(1) Adjust Roots
[2022-08-11T08:46:26.259-0500][3.887s][info][gc,phases      ] GC(1) Adjust Roots 6.527ms
[2022-08-11T08:46:26.260-0500][3.887s][info][gc,phases,start] GC(1) Compaction Phase
[2022-08-11T08:46:26.279-0500][3.906s][info][gc,phases      ] GC(1) Compaction Phase 19.168ms
[2022-08-11T08:46:26.279-0500][3.907s][info][gc,phases,start] GC(1) Post Compact
[2022-08-11T08:46:26.279-0500][3.907s][info][gc,phases      ] GC(1) Post Compact 0.407ms
[2022-08-11T08:46:26.279-0500][3.907s][info][gc,heap        ] GC(1) PSYoungGen: 27976K->0K(229376K)
[2022-08-11T08:46:26.279-0500][3.907s][info][gc,heap        ] GC(1) ParOldGen: 96K->27597K(262144K)
[2022-08-11T08:46:26.279-0500][3.907s][info][gc,metaspace   ] GC(1) Metaspace: 20727K->20727K(1069056K)
[2022-08-11T08:46:26.279-0500][3.907s][info][gc             ] GC(1) Pause Full (Metadata GC Threshold) 27M->26M(480M) 38.760ms
[2022-08-11T08:46:26.279-0500][3.907s][info][gc,cpu         ] GC(1) User=0.21s Sys=0.03s Real=0.03s
[2022-08-11T08:46:28.379-0500][6.006s][info][gc,start       ] GC(2) Pause Young (Allocation Failure)
[2022-08-11T08:46:28.384-0500][6.012s][info][gc,heap        ] GC(2) PSYoungGen: 196608K->8028K(229376K)
[2022-08-11T08:46:28.384-0500][6.012s][info][gc,heap        ] GC(2) ParOldGen: 27597K->27613K(262144K)
[2022-08-11T08:46:28.384-0500][6.012s][info][gc,metaspace   ] GC(2) Metaspace: 34157K->34157K(1081344K)
[2022-08-11T08:46:28.384-0500][6.012s][info][gc             ] GC(2) Pause Young (Allocation Failure) 218M->34M(480M) 5.725ms
[2022-08-11T08:46:28.384-0500][6.012s][info][gc,cpu         ] GC(2) User=0.04s Sys=0.01s Real=0.01s
[2022-08-11T08:46:28.423-0500][6.050s][info][gc,start       ] GC(3) Pause Young (Metadata GC Threshold)
[2022-08-11T08:46:28.427-0500][6.055s][info][gc,heap        ] GC(3) PSYoungGen: 16229K->8020K(229376K)
[2022-08-11T08:46:28.427-0500][6.055s][info][gc,heap        ] GC(3) ParOldGen: 27613K->27621K(262144K)
[2022-08-11T08:46:28.427-0500][6.055s][info][gc,metaspace   ] GC(3) Metaspace: 34525K->34525K(1081344K)
[2022-08-11T08:46:28.427-0500][6.055s][info][gc             ] GC(3) Pause Young (Metadata GC Threshold) 42M->34M(480M) 4.738ms
[2022-08-11T08:46:28.427-0500][6.055s][info][gc,cpu         ] GC(3) User=0.05s Sys=0.00s Real=0.00s
[2022-08-11T08:46:28.427-0500][6.055s][info][gc,start       ] GC(4) Pause Full (Metadata GC Threshold)
[2022-08-11T08:46:28.427-0500][6.055s][info][gc,phases,start] GC(4) Marking Phase
[2022-08-11T08:46:28.444-0500][6.071s][info][gc,phases      ] GC(4) Marking Phase 16.080ms
[2022-08-11T08:46:28.444-0500][6.071s][info][gc,phases,start] GC(4) Summary Phase
[2022-08-11T08:46:28.444-0500][6.071s][info][gc,phases      ] GC(4) Summary Phase 0.020ms
[2022-08-11T08:46:28.444-0500][6.071s][info][gc,phases,start] GC(4) Adjust Roots
[2022-08-11T08:46:28.455-0500][6.083s][info][gc,phases      ] GC(4) Adjust Roots 11.537ms
[2022-08-11T08:46:28.455-0500][6.083s][info][gc,phases,start] GC(4) Compaction Phase
[2022-08-11T08:46:28.504-0500][6.132s][info][gc,phases      ] GC(4) Compaction Phase 48.884ms
[2022-08-11T08:46:28.504-0500][6.132s][info][gc,phases,start] GC(4) Post Compact
[2022-08-11T08:46:28.504-0500][6.132s][info][gc,phases      ] GC(4) Post Compact 0.184ms
[2022-08-11T08:46:28.504-0500][6.132s][info][gc,heap        ] GC(4) PSYoungGen: 8020K->0K(229376K)
[2022-08-11T08:46:28.504-0500][6.132s][info][gc,heap        ] GC(4) ParOldGen: 27621K->35266K(262144K)
[2022-08-11T08:46:28.504-0500][6.132s][info][gc,metaspace   ] GC(4) Metaspace: 34525K->34525K(1081344K)
[2022-08-11T08:46:28.504-0500][6.132s][info][gc             ] GC(4) Pause Full (Metadata GC Threshold) 34M->34M(480M) 76.963ms
[2022-08-11T08:46:28.504-0500][6.132s][info][gc,cpu         ] GC(4) User=0.50s Sys=0.01s Real=0.08s
[2022-08-11T08:46:30.639-0500][8.266s][info][gc,start       ] GC(5) Pause Young (Allocation Failure)
[2022-08-11T08:46:30.643-0500][8.271s][info][gc,heap        ] GC(5) PSYoungGen: 196608K->7452K(229376K)
[2022-08-11T08:46:30.643-0500][8.271s][info][gc,heap        ] GC(5) ParOldGen: 35266K->35274K(262144K)
[2022-08-11T08:46:30.643-0500][8.271s][info][gc,metaspace   ] GC(5) Metaspace: 54107K->54107K(1097728K)
[2022-08-11T08:46:30.643-0500][8.271s][info][gc             ] GC(5) Pause Young (Allocation Failure) 226M->41M(480M) 4.556ms
[2022-08-11T08:46:30.643-0500][8.271s][info][gc,cpu         ] GC(5) User=0.04s Sys=0.00s Real=0.01s
[2022-08-11T08:46:31.849-0500][9.476s][info][gc,start       ] GC(6) Pause Young (Metadata GC Threshold)
[2022-08-11T08:46:31.854-0500][9.481s][info][gc,heap        ] GC(6) PSYoungGen: 141188K->9000K(229376K)
[2022-08-11T08:46:31.854-0500][9.481s][info][gc,heap        ] GC(6) ParOldGen: 35274K->35282K(262144K)
[2022-08-11T08:46:31.854-0500][9.481s][info][gc,metaspace   ] GC(6) Metaspace: 57685K->57685K(1101824K)
[2022-08-11T08:46:31.854-0500][9.481s][info][gc             ] GC(6) Pause Young (Metadata GC Threshold) 172M->43M(480M) 4.572ms
[2022-08-11T08:46:31.854-0500][9.481s][info][gc,cpu         ] GC(6) User=0.03s Sys=0.00s Real=0.01s
[2022-08-11T08:46:31.854-0500][9.481s][info][gc,start       ] GC(7) Pause Full (Metadata GC Threshold)
[2022-08-11T08:46:31.854-0500][9.481s][info][gc,phases,start] GC(7) Marking Phase
[2022-08-11T08:46:31.879-0500][9.506s][info][gc,phases      ] GC(7) Marking Phase 24.551ms
[2022-08-11T08:46:31.879-0500][9.506s][info][gc,phases,start] GC(7) Summary Phase
[2022-08-11T08:46:31.879-0500][9.506s][info][gc,phases      ] GC(7) Summary Phase 0.018ms
[2022-08-11T08:46:31.879-0500][9.506s][info][gc,phases,start] GC(7) Adjust Roots
[2022-08-11T08:46:31.896-0500][9.523s][info][gc,phases      ] GC(7) Adjust Roots 17.618ms
[2022-08-11T08:46:31.896-0500][9.523s][info][gc,phases,start] GC(7) Compaction Phase
[2022-08-11T08:46:31.970-0500][9.597s][info][gc,phases      ] GC(7) Compaction Phase 73.427ms
[2022-08-11T08:46:31.970-0500][9.597s][info][gc,phases,start] GC(7) Post Compact
[2022-08-11T08:46:31.970-0500][9.597s][info][gc,phases      ] GC(7) Post Compact 0.213ms
[2022-08-11T08:46:31.970-0500][9.597s][info][gc,heap        ] GC(7) PSYoungGen: 9000K->0K(229376K)
[2022-08-11T08:46:31.970-0500][9.597s][info][gc,heap        ] GC(7) ParOldGen: 35282K->43816K(262144K)
[2022-08-11T08:46:31.970-0500][9.597s][info][gc,metaspace   ] GC(7) Metaspace: 57685K->57685K(1101824K)
[2022-08-11T08:46:31.970-0500][9.597s][info][gc             ] GC(7) Pause Full (Metadata GC Threshold) 43M->42M(480M) 116.067ms
[2022-08-11T08:46:31.970-0500][9.597s][info][gc,cpu         ] GC(7) User=0.85s Sys=0.01s Real=0.12s
[2022-08-11T08:46:34.099-0500][11.726s][info][gc,start       ] GC(8) Pause Young (Allocation Failure)
[2022-08-11T08:46:34.107-0500][11.734s][info][gc,heap        ] GC(8) PSYoungGen: 196608K->10200K(416768K)
[2022-08-11T08:46:34.108-0500][11.734s][info][gc,heap        ] GC(8) ParOldGen: 43816K->43824K(262144K)
[2022-08-11T08:46:34.108-0500][11.734s][info][gc,metaspace   ] GC(8) Metaspace: 66272K->66272K(1110016K)
[2022-08-11T08:46:34.108-0500][11.734s][info][gc             ] GC(8) Pause Young (Allocation Failure) 234M->52M(663M) 8.674ms
[2022-08-11T08:46:34.108-0500][11.734s][info][gc,cpu         ] GC(8) User=0.04s Sys=0.01s Real=0.01s
[2022-08-11T08:47:07.840-0500][45.466s][info][gc,start       ] GC(9) Pause Young (Allocation Failure)
[2022-08-11T08:47:07.871-0500][45.497s][info][gc,heap        ] GC(9) PSYoungGen: 403416K->25580K(418816K)
[2022-08-11T08:47:07.871-0500][45.497s][info][gc,heap        ] GC(9) ParOldGen: 43824K->45776K(262144K)
[2022-08-11T08:47:07.871-0500][45.497s][info][gc,metaspace   ] GC(9) Metaspace: 85302K->85302K(1126400K)
[2022-08-11T08:47:07.871-0500][45.497s][info][gc             ] GC(9) Pause Young (Allocation Failure) 436M->69M(665M) 30.922ms
[2022-08-11T08:47:07.871-0500][45.497s][info][gc,cpu         ] GC(9) User=0.11s Sys=0.02s Real=0.03s
[2022-08-11T09:21:04.832-0500][2082.424s][info][gc,start       ] GC(10) Pause Young (Allocation Failure)
[2022-08-11T09:21:04.851-0500][2082.443s][info][gc,heap        ] GC(10) PSYoungGen: 418796K->31732K(412160K)
[2022-08-11T09:21:04.851-0500][2082.443s][info][gc,heap        ] GC(10) ParOldGen: 45776K->58208K(262144K)
[2022-08-11T09:21:04.851-0500][2082.443s][info][gc,metaspace   ] GC(10) Metaspace: 95920K->95920K(1136640K)
[2022-08-11T09:21:04.851-0500][2082.443s][info][gc             ] GC(10) Pause Young (Allocation Failure) 453M->87M(658M) 19.346ms
[2022-08-11T09:21:04.851-0500][2082.443s][info][gc,cpu         ] GC(10) User=0.13s Sys=0.04s Real=0.02s
[2022-08-11T09:21:05.023-0500][2082.615s][info][gc,heap,exit   ] Heap
[2022-08-11T09:21:05.023-0500][2082.615s][info][gc,heap,exit   ]  PSYoungGen      total 412160K, used 39052K [0x00000007e0000000, 0x0000000800000000, 0x0000000800000000)
[2022-08-11T09:21:05.023-0500][2082.615s][info][gc,heap,exit   ]   eden space 380416K, 1% used [0x00000007e0000000,0x00000007e0725f38,0x00000007f7380000)
[2022-08-11T09:21:05.023-0500][2082.615s][info][gc,heap,exit   ]   from space 31744K, 99% used [0x00000007fe100000,0x00000007ffffd348,0x0000000800000000)
[2022-08-11T09:21:05.023-0500][2082.615s][info][gc,heap,exit   ]   to   space 42496K, 0% used [0x00000007fad00000,0x00000007fad00000,0x00000007fd680000)
[2022-08-11T09:21:05.023-0500][2082.615s][info][gc,heap,exit   ]  ParOldGen       total 262144K, used 58208K [0x00000007c0000000, 0x00000007d0000000, 0x00000007e0000000)
[2022-08-11T09:21:05.023-0500][2082.615s][info][gc,heap,exit   ]   object space 262144K, 22% used [0x00000007c0000000,0x00000007c38d8220,0x00000007d0000000)
[2022-08-11T09:21:05.023-0500][2082.615s][info][gc,heap,exit   ]  Metaspace       used 95982K, capacity 97607K, committed 98216K, reserved 1136640K
[2022-08-11T09:21:05.023-0500][2082.615s][info][gc,heap,exit   ]   class space    used 10905K, capacity 11456K, committed 11520K, reserved 1048576K
