[2022-08-11T09:23:13.410-0500][0.013s][info][gc] Using Parallel
[2022-08-11T09:23:13.410-0500][0.014s][info][gc,heap,coops] Heap address: 0x00000007c0000000, size: 1024 MB, Compressed Oops mode: Zero based, Oop shift amount: 3
[2022-08-11T09:23:14.827-0500][1.431s][info][gc,start     ] GC(0) Pause Young (Metadata GC Threshold)
[2022-08-11T09:23:14.840-0500][1.443s][info][gc,heap      ] GC(0) PSYoungGen: 152995K->27995K(229376K)
[2022-08-11T09:23:14.840-0500][1.443s][info][gc,heap      ] GC(0) ParOldGen: 0K->96K(262144K)
[2022-08-11T09:23:14.840-0500][1.443s][info][gc,metaspace ] GC(0) Metaspace: 20627K->20627K(1069056K)
[2022-08-11T09:23:14.840-0500][1.444s][info][gc           ] GC(0) Pause Young (Metadata GC Threshold) 149M->27M(480M) 12.828ms
[2022-08-11T09:23:14.840-0500][1.444s][info][gc,cpu       ] GC(0) User=0.07s Sys=0.03s Real=0.02s
[2022-08-11T09:23:14.840-0500][1.444s][info][gc,start     ] GC(1) Pause Full (Metadata GC Threshold)
[2022-08-11T09:23:14.840-0500][1.444s][info][gc,phases,start] GC(1) Marking Phase
[2022-08-11T09:23:14.854-0500][1.457s][info][gc,phases      ] GC(1) Marking Phase 13.723ms
[2022-08-11T09:23:14.868-0500][1.471s][info][gc,phases,start] GC(1) Summary Phase
[2022-08-11T09:23:14.868-0500][1.471s][info][gc,phases      ] GC(1) Summary Phase 0.059ms
[2022-08-11T09:23:14.868-0500][1.471s][info][gc,phases,start] GC(1) Adjust Roots
[2022-08-11T09:23:14.876-0500][1.480s][info][gc,phases      ] GC(1) Adjust Roots 8.303ms
[2022-08-11T09:23:14.876-0500][1.480s][info][gc,phases,start] GC(1) Compaction Phase
[2022-08-11T09:23:14.895-0500][1.499s][info][gc,phases      ] GC(1) Compaction Phase 19.244ms
[2022-08-11T09:23:14.896-0500][1.499s][info][gc,phases,start] GC(1) Post Compact
[2022-08-11T09:23:14.896-0500][1.499s][info][gc,phases      ] GC(1) Post Compact 0.402ms
[2022-08-11T09:23:14.896-0500][1.499s][info][gc,heap        ] GC(1) PSYoungGen: 27995K->0K(229376K)
[2022-08-11T09:23:14.896-0500][1.499s][info][gc,heap        ] GC(1) ParOldGen: 96K->27594K(262144K)
[2022-08-11T09:23:14.896-0500][1.499s][info][gc,metaspace   ] GC(1) Metaspace: 20627K->20627K(1069056K)
[2022-08-11T09:23:14.896-0500][1.499s][info][gc             ] GC(1) Pause Full (Metadata GC Threshold) 27M->26M(480M) 55.832ms
[2022-08-11T09:23:14.896-0500][1.499s][info][gc,cpu         ] GC(1) User=0.19s Sys=0.03s Real=0.05s
[2022-08-11T09:23:16.697-0500][3.301s][info][gc,start       ] GC(2) Pause Young (Metadata GC Threshold)
[2022-08-11T09:23:16.704-0500][3.307s][info][gc,heap        ] GC(2) PSYoungGen: 196608K->8360K(229376K)
[2022-08-11T09:23:16.704-0500][3.307s][info][gc,heap        ] GC(2) ParOldGen: 27594K->27610K(262144K)
[2022-08-11T09:23:16.704-0500][3.307s][info][gc,metaspace   ] GC(2) Metaspace: 34510K->34510K(1081344K)
[2022-08-11T09:23:16.704-0500][3.307s][info][gc             ] GC(2) Pause Young (Metadata GC Threshold) 218M->35M(480M) 6.559ms
[2022-08-11T09:23:16.704-0500][3.307s][info][gc,cpu         ] GC(2) User=0.05s Sys=0.01s Real=0.01s
[2022-08-11T09:23:16.704-0500][3.307s][info][gc,start       ] GC(3) Pause Full (Metadata GC Threshold)
[2022-08-11T09:23:16.704-0500][3.307s][info][gc,phases,start] GC(3) Marking Phase
[2022-08-11T09:23:16.721-0500][3.324s][info][gc,phases      ] GC(3) Marking Phase 16.682ms
[2022-08-11T09:23:16.721-0500][3.324s][info][gc,phases,start] GC(3) Summary Phase
[2022-08-11T09:23:16.721-0500][3.324s][info][gc,phases      ] GC(3) Summary Phase 0.020ms
[2022-08-11T09:23:16.721-0500][3.324s][info][gc,phases,start] GC(3) Adjust Roots
[2022-08-11T09:23:16.733-0500][3.336s][info][gc,phases      ] GC(3) Adjust Roots 11.755ms
[2022-08-11T09:23:16.733-0500][3.336s][info][gc,phases,start] GC(3) Compaction Phase
[2022-08-11T09:23:16.777-0500][3.381s][info][gc,phases      ] GC(3) Compaction Phase 44.845ms
[2022-08-11T09:23:16.777-0500][3.381s][info][gc,phases,start] GC(3) Post Compact
[2022-08-11T09:23:16.778-0500][3.381s][info][gc,phases      ] GC(3) Post Compact 0.189ms
[2022-08-11T09:23:16.778-0500][3.381s][info][gc,heap        ] GC(3) PSYoungGen: 8360K->0K(229376K)
[2022-08-11T09:23:16.778-0500][3.381s][info][gc,heap        ] GC(3) ParOldGen: 27610K->35497K(262144K)
[2022-08-11T09:23:16.778-0500][3.381s][info][gc,metaspace   ] GC(3) Metaspace: 34510K->34510K(1081344K)
[2022-08-11T09:23:16.778-0500][3.381s][info][gc             ] GC(3) Pause Full (Metadata GC Threshold) 35M->34M(480M) 73.791ms
[2022-08-11T09:23:16.778-0500][3.381s][info][gc,cpu         ] GC(3) User=0.57s Sys=0.00s Real=0.07s
[2022-08-11T09:23:18.548-0500][5.151s][info][gc,start       ] GC(4) Pause Young (Allocation Failure)
[2022-08-11T09:23:18.553-0500][5.157s][info][gc,heap        ] GC(4) PSYoungGen: 196608K->7643K(229376K)
[2022-08-11T09:23:18.553-0500][5.157s][info][gc,heap        ] GC(4) ParOldGen: 35497K->35505K(262144K)
[2022-08-11T09:23:18.554-0500][5.157s][info][gc,metaspace   ] GC(4) Metaspace: 54708K->54708K(1099776K)
[2022-08-11T09:23:18.554-0500][5.157s][info][gc             ] GC(4) Pause Young (Allocation Failure) 226M->42M(480M) 5.520ms
[2022-08-11T09:23:18.554-0500][5.157s][info][gc,cpu         ] GC(4) User=0.05s Sys=0.00s Real=0.01s
[2022-08-11T09:23:19.144-0500][5.747s][info][gc,start       ] GC(5) Pause Young (Metadata GC Threshold)
[2022-08-11T09:23:19.148-0500][5.751s][info][gc,heap        ] GC(5) PSYoungGen: 84032K->9017K(229376K)
[2022-08-11T09:23:19.148-0500][5.751s][info][gc,heap        ] GC(5) ParOldGen: 35505K->35513K(262144K)
[2022-08-11T09:23:19.148-0500][5.751s][info][gc,metaspace   ] GC(5) Metaspace: 57571K->57571K(1101824K)
[2022-08-11T09:23:19.148-0500][5.751s][info][gc             ] GC(5) Pause Young (Metadata GC Threshold) 116M->43M(480M) 4.543ms
[2022-08-11T09:23:19.148-0500][5.752s][info][gc,cpu         ] GC(5) User=0.05s Sys=0.00s Real=0.00s
[2022-08-11T09:23:19.148-0500][5.752s][info][gc,start       ] GC(6) Pause Full (Metadata GC Threshold)
[2022-08-11T09:23:19.148-0500][5.752s][info][gc,phases,start] GC(6) Marking Phase
[2022-08-11T09:23:19.172-0500][5.775s][info][gc,phases      ] GC(6) Marking Phase 23.800ms
[2022-08-11T09:23:19.172-0500][5.775s][info][gc,phases,start] GC(6) Summary Phase
[2022-08-11T09:23:19.172-0500][5.775s][info][gc,phases      ] GC(6) Summary Phase 0.015ms
[2022-08-11T09:23:19.172-0500][5.775s][info][gc,phases,start] GC(6) Adjust Roots
[2022-08-11T09:23:19.192-0500][5.795s][info][gc,phases      ] GC(6) Adjust Roots 19.654ms
[2022-08-11T09:23:19.192-0500][5.795s][info][gc,phases,start] GC(6) Compaction Phase
[2022-08-11T09:23:19.279-0500][5.882s][info][gc,phases      ] GC(6) Compaction Phase 87.223ms
[2022-08-11T09:23:19.279-0500][5.882s][info][gc,phases,start] GC(6) Post Compact
[2022-08-11T09:23:19.279-0500][5.883s][info][gc,phases      ] GC(6) Post Compact 0.178ms
[2022-08-11T09:23:19.279-0500][5.883s][info][gc,heap        ] GC(6) PSYoungGen: 9017K->0K(229376K)
[2022-08-11T09:23:19.279-0500][5.883s][info][gc,heap        ] GC(6) ParOldGen: 35513K->44007K(262144K)
[2022-08-11T09:23:19.279-0500][5.883s][info][gc,metaspace   ] GC(6) Metaspace: 57571K->57571K(1101824K)
[2022-08-11T09:23:19.279-0500][5.883s][info][gc             ] GC(6) Pause Full (Metadata GC Threshold) 43M->42M(480M) 131.081ms
[2022-08-11T09:23:19.279-0500][5.883s][info][gc,cpu         ] GC(6) User=0.99s Sys=0.01s Real=0.13s
[2022-08-11T09:23:20.783-0500][7.386s][info][gc,start       ] GC(7) Pause Young (Allocation Failure)
[2022-08-11T09:23:20.787-0500][7.391s][info][gc,heap        ] GC(7) PSYoungGen: 196608K->11268K(229376K)
[2022-08-11T09:23:20.788-0500][7.391s][info][gc,heap        ] GC(7) ParOldGen: 44007K->44015K(262144K)
[2022-08-11T09:23:20.788-0500][7.391s][info][gc,metaspace   ] GC(7) Metaspace: 63010K->63010K(1105920K)
[2022-08-11T09:23:20.788-0500][7.391s][info][gc             ] GC(7) Pause Young (Allocation Failure) 234M->53M(480M) 4.662ms
[2022-08-11T09:23:20.788-0500][7.391s][info][gc,cpu         ] GC(7) User=0.03s Sys=0.00s Real=0.00s
[2022-08-11T09:23:22.907-0500][9.511s][info][gc,start       ] GC(8) Pause Young (GCLocker Initiated GC)
[2022-08-11T09:23:22.923-0500][9.526s][info][gc,heap        ] GC(8) PSYoungGen: 207876K->17299K(234496K)
[2022-08-11T09:23:22.923-0500][9.526s][info][gc,heap        ] GC(8) ParOldGen: 44019K->44027K(262144K)
[2022-08-11T09:23:22.923-0500][9.526s][info][gc,metaspace   ] GC(8) Metaspace: 70550K->70550K(1114112K)
[2022-08-11T09:23:22.923-0500][9.526s][info][gc             ] GC(8) Pause Young (GCLocker Initiated GC) 245M->59M(485M) 15.284ms
[2022-08-11T09:23:22.923-0500][9.526s][info][gc,cpu         ] GC(8) User=0.04s Sys=0.01s Real=0.02s
[2022-08-11T09:23:27.675-0500][14.278s][info][gc,start       ] GC(9) Pause Young (Allocation Failure)
[2022-08-11T09:23:27.687-0500][14.290s][info][gc,heap        ] GC(9) PSYoungGen: 225171K->18580K(226816K)
[2022-08-11T09:23:27.687-0500][14.290s][info][gc,heap        ] GC(9) ParOldGen: 44029K->44037K(262144K)
[2022-08-11T09:23:27.687-0500][14.290s][info][gc,metaspace   ] GC(9) Metaspace: 74106K->74106K(1116160K)
[2022-08-11T09:23:27.687-0500][14.290s][info][gc             ] GC(9) Pause Young (Allocation Failure) 262M->61M(477M) 12.222ms
[2022-08-11T09:23:27.687-0500][14.290s][info][gc,cpu         ] GC(9) User=0.05s Sys=0.00s Real=0.01s
[2022-08-11T09:26:12.848-0500][179.452s][info][gc,start       ] GC(10) Pause Young (Allocation Failure)
[2022-08-11T09:26:12.857-0500][179.461s][info][gc,heap        ] GC(10) PSYoungGen: 226452K->21713K(231424K)
[2022-08-11T09:26:12.857-0500][179.461s][info][gc,heap        ] GC(10) ParOldGen: 44037K->44045K(262144K)
[2022-08-11T09:26:12.857-0500][179.461s][info][gc,metaspace   ] GC(10) Metaspace: 90314K->90314K(1130496K)
[2022-08-11T09:26:12.857-0500][179.461s][info][gc             ] GC(10) Pause Young (Allocation Failure) 264M->64M(482M) 8.570ms
[2022-08-11T09:26:12.857-0500][179.461s][info][gc,cpu         ] GC(10) User=0.07s Sys=0.00s Real=0.01s
[2022-08-11T09:28:50.914-0500][337.518s][info][gc,start       ] GC(11) Pause Young (Metadata GC Threshold)
[2022-08-11T09:28:50.927-0500][337.531s][info][gc,heap        ] GC(11) PSYoungGen: 180851K->26090K(231936K)
[2022-08-11T09:28:50.927-0500][337.531s][info][gc,heap        ] GC(11) ParOldGen: 44045K->52761K(262144K)
[2022-08-11T09:28:50.927-0500][337.531s][info][gc,metaspace   ] GC(11) Metaspace: 96242K->96242K(1136640K)
[2022-08-11T09:28:50.927-0500][337.531s][info][gc             ] GC(11) Pause Young (Metadata GC Threshold) 219M->77M(482M) 12.797ms
[2022-08-11T09:28:50.927-0500][337.531s][info][gc,cpu         ] GC(11) User=0.10s Sys=0.01s Real=0.01s
[2022-08-11T09:28:50.927-0500][337.531s][info][gc,start       ] GC(12) Pause Full (Metadata GC Threshold)
[2022-08-11T09:28:50.927-0500][337.531s][info][gc,phases,start] GC(12) Marking Phase
[2022-08-11T09:28:50.985-0500][337.589s][info][gc,phases      ] GC(12) Marking Phase 57.896ms
[2022-08-11T09:28:50.985-0500][337.589s][info][gc,phases,start] GC(12) Summary Phase
[2022-08-11T09:28:50.985-0500][337.589s][info][gc,phases      ] GC(12) Summary Phase 0.026ms
[2022-08-11T09:28:50.985-0500][337.589s][info][gc,phases,start] GC(12) Adjust Roots
[2022-08-11T09:28:51.021-0500][337.626s][info][gc,phases      ] GC(12) Adjust Roots 36.418ms
[2022-08-11T09:28:51.022-0500][337.626s][info][gc,phases,start] GC(12) Compaction Phase
[2022-08-11T09:28:51.126-0500][337.731s][info][gc,phases      ] GC(12) Compaction Phase 104.858ms
[2022-08-11T09:28:51.126-0500][337.731s][info][gc,phases,start] GC(12) Post Compact
[2022-08-11T09:28:51.127-0500][337.731s][info][gc,phases      ] GC(12) Post Compact 0.519ms
[2022-08-11T09:28:51.127-0500][337.731s][info][gc,heap        ] GC(12) PSYoungGen: 26090K->0K(231936K)
[2022-08-11T09:28:51.127-0500][337.731s][info][gc,heap        ] GC(12) ParOldGen: 52761K->77707K(262144K)
[2022-08-11T09:28:51.127-0500][337.731s][info][gc,metaspace   ] GC(12) Metaspace: 96242K->96133K(1136640K)
[2022-08-11T09:28:51.127-0500][337.731s][info][gc             ] GC(12) Pause Full (Metadata GC Threshold) 77M->75M(482M) 200.028ms
[2022-08-11T09:28:51.127-0500][337.731s][info][gc,cpu         ] GC(12) User=1.25s Sys=0.02s Real=0.20s
[2022-08-11T09:29:33.504-0500][380.109s][info][gc,start       ] GC(13) Pause Young (Allocation Failure)
[2022-08-11T09:29:33.525-0500][380.129s][info][gc,heap        ] GC(13) PSYoungGen: 202752K->16303K(227840K)
[2022-08-11T09:29:33.525-0500][380.129s][info][gc,heap        ] GC(13) ParOldGen: 77707K->77715K(262144K)
[2022-08-11T09:29:33.525-0500][380.130s][info][gc,metaspace   ] GC(13) Metaspace: 107576K->107576K(1146880K)
[2022-08-11T09:29:33.525-0500][380.130s][info][gc             ] GC(13) Pause Young (Allocation Failure) 273M->91M(478M) 20.767ms
[2022-08-11T09:29:33.525-0500][380.130s][info][gc,cpu         ] GC(13) User=0.07s Sys=0.00s Real=0.02s
[2022-08-11T09:30:07.713-0500][414.317s][info][gc,start       ] GC(14) Pause Young (Allocation Failure)
[2022-08-11T09:30:07.723-0500][414.328s][info][gc,heap        ] GC(14) PSYoungGen: 217007K->2962K(203776K)
[2022-08-11T09:30:07.723-0500][414.328s][info][gc,heap        ] GC(14) ParOldGen: 77715K->92588K(262144K)
[2022-08-11T09:30:07.723-0500][414.328s][info][gc,metaspace   ] GC(14) Metaspace: 112741K->112741K(1150976K)
[2022-08-11T09:30:07.723-0500][414.328s][info][gc             ] GC(14) Pause Young (Allocation Failure) 287M->93M(455M) 10.416ms
[2022-08-11T09:30:07.723-0500][414.328s][info][gc,cpu         ] GC(14) User=0.08s Sys=0.01s Real=0.01s
[2022-08-11T09:30:09.198-0500][415.802s][info][gc,start       ] GC(15) Pause Young (Allocation Failure)
[2022-08-11T09:30:09.204-0500][415.808s][info][gc,heap        ] GC(15) PSYoungGen: 203666K->5008K(230400K)
[2022-08-11T09:30:09.204-0500][415.808s][info][gc,heap        ] GC(15) ParOldGen: 92588K->94983K(262144K)
[2022-08-11T09:30:09.204-0500][415.808s][info][gc,metaspace   ] GC(15) Metaspace: 119051K->119051K(1157120K)
[2022-08-11T09:30:09.204-0500][415.808s][info][gc             ] GC(15) Pause Young (Allocation Failure) 289M->97M(481M) 6.110ms
[2022-08-11T09:30:09.204-0500][415.808s][info][gc,cpu         ] GC(15) User=0.04s Sys=0.01s Real=0.01s
[2022-08-11T09:30:10.273-0500][416.878s][info][gc,start       ] GC(16) Pause Young (Allocation Failure)
[2022-08-11T09:30:10.279-0500][416.884s][info][gc,heap        ] GC(16) PSYoungGen: 203664K->3412K(230400K)
[2022-08-11T09:30:10.279-0500][416.884s][info][gc,heap        ] GC(16) ParOldGen: 94983K->99484K(262144K)
[2022-08-11T09:30:10.279-0500][416.884s][info][gc,metaspace   ] GC(16) Metaspace: 124557K->124557K(1161216K)
[2022-08-11T09:30:10.279-0500][416.884s][info][gc             ] GC(16) Pause Young (Allocation Failure) 291M->100M(481M) 6.271ms
[2022-08-11T09:30:10.279-0500][416.884s][info][gc,cpu         ] GC(16) User=0.04s Sys=0.00s Real=0.00s
[2022-08-11T09:34:00.041-0500][646.641s][info][gc,start       ] GC(17) Pause Young (Allocation Failure)
[2022-08-11T09:34:00.048-0500][646.647s][info][gc,heap        ] GC(17) PSYoungGen: 202068K->7615K(231424K)
[2022-08-11T09:34:00.048-0500][646.647s][info][gc,heap        ] GC(17) ParOldGen: 99484K->102339K(262144K)
[2022-08-11T09:34:00.048-0500][646.647s][info][gc,metaspace   ] GC(17) Metaspace: 132655K->132655K(1169408K)
[2022-08-11T09:34:00.048-0500][646.647s][info][gc             ] GC(17) Pause Young (Allocation Failure) 294M->107M(482M) 6.397ms
[2022-08-11T09:34:00.048-0500][646.647s][info][gc,cpu         ] GC(17) User=0.04s Sys=0.00s Real=0.00s
[2022-08-11T09:34:00.753-0500][647.352s][info][gc,start       ] GC(18) Pause Young (Allocation Failure)
[2022-08-11T09:34:00.759-0500][647.359s][info][gc,heap        ] GC(18) PSYoungGen: 207295K->6302K(230400K)
[2022-08-11T09:34:00.760-0500][647.359s][info][gc,heap        ] GC(18) ParOldGen: 102339K->109385K(262144K)
[2022-08-11T09:34:00.760-0500][647.359s][info][gc,metaspace   ] GC(18) Metaspace: 134107K->134107K(1169408K)
[2022-08-11T09:34:00.760-0500][647.359s][info][gc             ] GC(18) Pause Young (Allocation Failure) 302M->112M(481M) 6.901ms
[2022-08-11T09:34:00.760-0500][647.359s][info][gc,cpu         ] GC(18) User=0.07s Sys=0.00s Real=0.01s
[2022-08-11T09:34:01.293-0500][647.892s][info][gc,start       ] GC(19) Pause Young (Allocation Failure)
[2022-08-11T09:34:01.298-0500][647.897s][info][gc,heap        ] GC(19) PSYoungGen: 205982K->4525K(232448K)
[2022-08-11T09:34:01.298-0500][647.897s][info][gc,heap        ] GC(19) ParOldGen: 109385K->115634K(262144K)
[2022-08-11T09:34:01.298-0500][647.897s][info][gc,metaspace   ] GC(19) Metaspace: 134892K->134892K(1171456K)
[2022-08-11T09:34:01.298-0500][647.897s][info][gc             ] GC(19) Pause Young (Allocation Failure) 307M->117M(483M) 5.601ms
[2022-08-11T09:34:01.298-0500][647.897s][info][gc,cpu         ] GC(19) User=0.05s Sys=0.00s Real=0.00s
[2022-08-11T09:34:01.734-0500][648.333s][info][gc,start       ] GC(20) Pause Young (Allocation Failure)
[2022-08-11T09:34:01.738-0500][648.337s][info][gc,heap        ] GC(20) PSYoungGen: 206765K->3247K(231936K)
[2022-08-11T09:34:01.738-0500][648.337s][info][gc,heap        ] GC(20) ParOldGen: 115634K->119828K(262144K)
[2022-08-11T09:34:01.738-0500][648.337s][info][gc,metaspace   ] GC(20) Metaspace: 135372K->135372K(1171456K)
[2022-08-11T09:34:01.738-0500][648.337s][info][gc             ] GC(20) Pause Young (Allocation Failure) 314M->120M(482M) 4.112ms
[2022-08-11T09:34:01.738-0500][648.337s][info][gc,cpu         ] GC(20) User=0.04s Sys=0.01s Real=0.00s
[2022-08-11T09:34:02.034-0500][648.633s][info][gc,start       ] GC(21) Pause Young (Allocation Failure)
[2022-08-11T09:34:02.038-0500][648.637s][info][gc,heap        ] GC(21) PSYoungGen: 205487K->2394K(233472K)
[2022-08-11T09:34:02.038-0500][648.637s][info][gc,heap        ] GC(21) ParOldGen: 119828K->122701K(262144K)
[2022-08-11T09:34:02.038-0500][648.637s][info][gc,metaspace   ] GC(21) Metaspace: 135672K->135672K(1171456K)
[2022-08-11T09:34:02.038-0500][648.637s][info][gc             ] GC(21) Pause Young (Allocation Failure) 317M->122M(484M) 4.059ms
[2022-08-11T09:34:02.038-0500][648.637s][info][gc,cpu         ] GC(21) User=0.04s Sys=0.00s Real=0.00s
[2022-08-11T09:34:02.404-0500][649.003s][info][gc,start       ] GC(22) Pause Young (Allocation Failure)
[2022-08-11T09:34:02.408-0500][649.007s][info][gc,heap        ] GC(22) PSYoungGen: 206682K->2115K(232960K)
[2022-08-11T09:34:02.408-0500][649.007s][info][gc,heap        ] GC(22) ParOldGen: 122701K->124890K(262144K)
[2022-08-11T09:34:02.408-0500][649.007s][info][gc,metaspace   ] GC(22) Metaspace: 136375K->136375K(1171456K)
[2022-08-11T09:34:02.408-0500][649.007s][info][gc             ] GC(22) Pause Young (Allocation Failure) 321M->124M(483M) 3.984ms
[2022-08-11T09:34:02.408-0500][649.007s][info][gc,cpu         ] GC(22) User=0.03s Sys=0.01s Real=0.00s
[2022-08-11T09:34:02.772-0500][649.371s][info][gc,start       ] GC(23) Pause Young (Allocation Failure)
[2022-08-11T09:34:02.775-0500][649.374s][info][gc,heap        ] GC(23) PSYoungGen: 206403K->2259K(235008K)
[2022-08-11T09:34:02.775-0500][649.374s][info][gc,heap        ] GC(23) ParOldGen: 124890K->126755K(262144K)
[2022-08-11T09:34:02.775-0500][649.374s][info][gc,metaspace   ] GC(23) Metaspace: 136564K->136564K(1171456K)
[2022-08-11T09:34:02.775-0500][649.374s][info][gc             ] GC(23) Pause Young (Allocation Failure) 323M->125M(485M) 3.143ms
[2022-08-11T09:34:02.775-0500][649.374s][info][gc,cpu         ] GC(23) User=0.03s Sys=0.00s Real=0.00s
[2022-08-11T09:34:52.629-0500][699.228s][info][gc,start       ] GC(24) Pause Young (Allocation Failure)
[2022-08-11T09:34:52.632-0500][699.232s][info][gc,heap        ] GC(24) PSYoungGen: 209619K->4081K(234496K)
[2022-08-11T09:34:52.632-0500][699.232s][info][gc,heap        ] GC(24) ParOldGen: 126755K->128726K(262144K)
[2022-08-11T09:34:52.632-0500][699.232s][info][gc,metaspace   ] GC(24) Metaspace: 138344K->138344K(1173504K)
[2022-08-11T09:34:52.632-0500][699.232s][info][gc             ] GC(24) Pause Young (Allocation Failure) 328M->129M(485M) 3.797ms
[2022-08-11T09:34:52.632-0500][699.232s][info][gc,cpu         ] GC(24) User=0.02s Sys=0.00s Real=0.01s
[2022-08-11T09:39:14.513-0500][961.110s][info][gc,start       ] GC(25) Pause Young (Allocation Failure)
[2022-08-11T09:39:14.518-0500][961.115s][info][gc,heap        ] GC(25) PSYoungGen: 211441K->3008K(237056K)
[2022-08-11T09:39:14.518-0500][961.115s][info][gc,heap        ] GC(25) ParOldGen: 128726K->132573K(262144K)
[2022-08-11T09:39:14.518-0500][961.115s][info][gc,metaspace   ] GC(25) Metaspace: 139997K->139997K(1175552K)
[2022-08-11T09:39:14.518-0500][961.115s][info][gc             ] GC(25) Pause Young (Allocation Failure) 332M->132M(487M) 4.931ms
[2022-08-11T09:39:14.518-0500][961.115s][info][gc,cpu         ] GC(25) User=0.03s Sys=0.01s Real=0.00s
[2022-08-11T09:45:29.136-0500][1335.730s][info][gc,start       ] GC(26) Pause Young (Allocation Failure)
[2022-08-11T09:45:29.140-0500][1335.734s][info][gc,heap        ] GC(26) PSYoungGen: 213952K->2304K(236032K)
[2022-08-11T09:45:29.140-0500][1335.734s][info][gc,heap        ] GC(26) ParOldGen: 132573K->135281K(262144K)
[2022-08-11T09:45:29.140-0500][1335.734s][info][gc,metaspace   ] GC(26) Metaspace: 141585K->141585K(1177600K)
[2022-08-11T09:45:29.140-0500][1335.734s][info][gc             ] GC(26) Pause Young (Allocation Failure) 338M->134M(486M) 4.126ms
[2022-08-11T09:45:29.140-0500][1335.735s][info][gc,cpu         ] GC(26) User=0.03s Sys=0.00s Real=0.01s
[2022-08-11T09:45:29.399-0500][1335.993s][info][gc,start       ] GC(27) Pause Young (Allocation Failure)
[2022-08-11T09:45:29.409-0500][1336.004s][info][gc,heap        ] GC(27) PSYoungGen: 213248K->1481K(239104K)
[2022-08-11T09:45:29.428-0500][1336.023s][info][gc,heap        ] GC(27) ParOldGen: 135281K->137228K(262144K)
[2022-08-11T09:45:29.428-0500][1336.023s][info][gc,metaspace   ] GC(27) Metaspace: 141639K->141639K(1177600K)
[2022-08-11T09:45:29.428-0500][1336.023s][info][gc             ] GC(27) Pause Young (Allocation Failure) 340M->135M(489M) 29.560ms
[2022-08-11T09:45:29.428-0500][1336.023s][info][gc,cpu         ] GC(27) User=0.04s Sys=0.00s Real=0.03s
[2022-08-11T09:45:29.627-0500][1336.222s][info][gc,start       ] GC(28) Pause Young (Allocation Failure)
[2022-08-11T09:45:29.630-0500][1336.224s][info][gc,heap        ] GC(28) PSYoungGen: 216521K->1089K(238080K)
[2022-08-11T09:45:29.630-0500][1336.224s][info][gc,heap        ] GC(28) ParOldGen: 137228K->138468K(262144K)
[2022-08-11T09:45:29.630-0500][1336.224s][info][gc,metaspace   ] GC(28) Metaspace: 141646K->141646K(1177600K)
[2022-08-11T09:45:29.630-0500][1336.224s][info][gc             ] GC(28) Pause Young (Allocation Failure) 345M->136M(488M) 2.342ms
[2022-08-11T09:45:29.630-0500][1336.224s][info][gc,cpu         ] GC(28) User=0.01s Sys=0.00s Real=0.01s
[2022-08-11T09:45:29.829-0500][1336.423s][info][gc,start       ] GC(29) Pause Young (Allocation Failure)
[2022-08-11T09:45:29.831-0500][1336.425s][info][gc,heap        ] GC(29) PSYoungGen: 216129K->1121K(240640K)
[2022-08-11T09:45:29.831-0500][1336.425s][info][gc,heap        ] GC(29) ParOldGen: 138468K->139388K(262144K)
[2022-08-11T09:45:29.831-0500][1336.425s][info][gc,metaspace   ] GC(29) Metaspace: 141726K->141726K(1177600K)
[2022-08-11T09:45:29.831-0500][1336.425s][info][gc             ] GC(29) Pause Young (Allocation Failure) 346M->137M(491M) 1.973ms
[2022-08-11T09:45:29.831-0500][1336.425s][info][gc,cpu         ] GC(29) User=0.00s Sys=0.00s Real=0.01s
[2022-08-11T09:48:13.640-0500][1500.232s][info][gc,start       ] GC(30) Pause Young (Allocation Failure)
[2022-08-11T09:48:13.642-0500][1500.235s][info][gc,heap        ] GC(30) PSYoungGen: 219233K->2224K(239616K)
[2022-08-11T09:48:13.642-0500][1500.235s][info][gc,heap        ] GC(30) ParOldGen: 139388K->140275K(262144K)
[2022-08-11T09:48:13.642-0500][1500.235s][info][gc,metaspace   ] GC(30) Metaspace: 142441K->142441K(1177600K)
[2022-08-11T09:48:13.642-0500][1500.235s][info][gc             ] GC(30) Pause Young (Allocation Failure) 350M->139M(490M) 2.558ms
[2022-08-11T09:48:13.642-0500][1500.235s][info][gc,cpu         ] GC(30) User=0.01s Sys=0.00s Real=0.00s
[2022-08-11T10:00:32.961-0500][2239.537s][info][gc,start       ] GC(31) Pause Young (Allocation Failure)
[2022-08-11T10:00:32.964-0500][2239.540s][info][gc,heap        ] GC(31) PSYoungGen: 220336K->1344K(242688K)
[2022-08-11T10:00:32.964-0500][2239.540s][info][gc,heap        ] GC(31) ParOldGen: 140275K->141805K(262144K)
[2022-08-11T10:00:32.964-0500][2239.540s][info][gc,metaspace   ] GC(31) Metaspace: 143153K->143153K(1177600K)
[2022-08-11T10:00:32.964-0500][2239.540s][info][gc             ] GC(31) Pause Young (Allocation Failure) 352M->139M(493M) 3.346ms
[2022-08-11T10:00:32.964-0500][2239.540s][info][gc,cpu         ] GC(31) User=0.02s Sys=0.00s Real=0.00s
[2022-08-11T10:04:35.223-0500][2481.800s][info][gc,start       ] GC(32) Pause Young (Allocation Failure)
[2022-08-11T10:04:35.226-0500][2481.802s][info][gc,heap        ] GC(32) PSYoungGen: 223552K->2086K(241664K)
[2022-08-11T10:04:35.226-0500][2481.802s][info][gc,heap        ] GC(32) ParOldGen: 141805K->143057K(262144K)
[2022-08-11T10:04:35.226-0500][2481.802s][info][gc,metaspace   ] GC(32) Metaspace: 143241K->143241K(1179648K)
[2022-08-11T10:04:35.226-0500][2481.802s][info][gc             ] GC(32) Pause Young (Allocation Failure) 356M->141M(492M) 2.686ms
[2022-08-11T10:04:35.226-0500][2481.802s][info][gc,cpu         ] GC(32) User=0.02s Sys=0.00s Real=0.00s
[2022-08-11T10:04:35.433-0500][2482.009s][info][gc,start       ] GC(33) Pause Young (Allocation Failure)
[2022-08-11T10:04:35.436-0500][2482.012s][info][gc,heap        ] GC(33) PSYoungGen: 224294K->1336K(244736K)
[2022-08-11T10:04:35.436-0500][2482.012s][info][gc,heap        ] GC(33) ParOldGen: 143057K->144785K(262144K)
[2022-08-11T10:04:35.436-0500][2482.012s][info][gc,metaspace   ] GC(33) Metaspace: 143249K->143249K(1179648K)
[2022-08-11T10:04:35.436-0500][2482.012s][info][gc             ] GC(33) Pause Young (Allocation Failure) 358M->142M(495M) 2.651ms
[2022-08-11T10:04:35.436-0500][2482.012s][info][gc,cpu         ] GC(33) User=0.02s Sys=0.00s Real=0.00s
[2022-08-11T10:04:35.644-0500][2482.220s][info][gc,start       ] GC(34) Pause Young (Allocation Failure)
[2022-08-11T10:04:35.646-0500][2482.222s][info][gc,heap        ] GC(34) PSYoungGen: 227640K->1123K(243712K)
[2022-08-11T10:04:35.646-0500][2482.222s][info][gc,heap        ] GC(34) ParOldGen: 144785K->145910K(262144K)
[2022-08-11T10:04:35.646-0500][2482.222s][info][gc,metaspace   ] GC(34) Metaspace: 143251K->143251K(1179648K)
[2022-08-11T10:04:35.646-0500][2482.222s][info][gc             ] GC(34) Pause Young (Allocation Failure) 363M->143M(494M) 2.270ms
[2022-08-11T10:04:35.646-0500][2482.223s][info][gc,cpu         ] GC(34) User=0.01s Sys=0.00s Real=0.00s
[2022-08-11T10:04:42.772-0500][2489.348s][info][gc,start       ] GC(35) Pause Young (Allocation Failure)
[2022-08-11T10:04:42.776-0500][2489.352s][info][gc,heap        ] GC(35) PSYoungGen: 227427K->1606K(246272K)
[2022-08-11T10:04:42.776-0500][2489.352s][info][gc,heap        ] GC(35) ParOldGen: 145910K->146790K(262144K)
[2022-08-11T10:04:42.776-0500][2489.352s][info][gc,metaspace   ] GC(35) Metaspace: 143345K->143345K(1179648K)
[2022-08-11T10:04:42.776-0500][2489.352s][info][gc             ] GC(35) Pause Young (Allocation Failure) 364M->144M(496M) 3.551ms
[2022-08-11T10:04:42.776-0500][2489.352s][info][gc,cpu         ] GC(35) User=0.02s Sys=0.01s Real=0.00s
[2022-08-11T10:22:39.506-0500][3566.067s][info][gc,start       ] GC(36) Pause Young (Allocation Failure)
[2022-08-11T10:22:39.509-0500][3566.070s][info][gc,heap        ] GC(36) PSYoungGen: 230982K->6649K(245248K)
[2022-08-11T10:22:39.509-0500][3566.070s][info][gc,heap        ] GC(36) ParOldGen: 146790K->148226K(262144K)
[2022-08-11T10:22:39.509-0500][3566.070s][info][gc,metaspace   ] GC(36) Metaspace: 143831K->143831K(1179648K)
[2022-08-11T10:22:39.509-0500][3566.070s][info][gc             ] GC(36) Pause Young (Allocation Failure) 368M->151M(495M) 3.135ms
[2022-08-11T10:22:39.509-0500][3566.070s][info][gc,cpu         ] GC(36) User=0.02s Sys=0.00s Real=0.00s
[2022-08-11T10:22:39.766-0500][3566.326s][info][gc,start       ] GC(37) Pause Young (Allocation Failure)
[2022-08-11T10:22:39.770-0500][3566.331s][info][gc,heap        ] GC(37) PSYoungGen: 236025K->1578K(247296K)
[2022-08-11T10:22:39.770-0500][3566.331s][info][gc,heap        ] GC(37) ParOldGen: 148226K->154524K(262144K)
[2022-08-11T10:22:39.770-0500][3566.331s][info][gc,metaspace   ] GC(37) Metaspace: 143865K->143865K(1179648K)
[2022-08-11T10:22:39.770-0500][3566.331s][info][gc             ] GC(37) Pause Young (Allocation Failure) 375M->152M(497M) 4.568ms
[2022-08-11T10:22:39.770-0500][3566.331s][info][gc,cpu         ] GC(37) User=0.03s Sys=0.00s Real=0.01s
[2022-08-11T10:22:39.977-0500][3566.537s][info][gc,start       ] GC(38) Pause Young (Allocation Failure)
[2022-08-11T10:22:39.979-0500][3566.539s][info][gc,heap        ] GC(38) PSYoungGen: 233002K->1186K(246272K)
[2022-08-11T10:22:39.979-0500][3566.539s][info][gc,heap        ] GC(38) ParOldGen: 154524K->155868K(262144K)
[2022-08-11T10:22:39.979-0500][3566.539s][info][gc,metaspace   ] GC(38) Metaspace: 143893K->143893K(1179648K)
[2022-08-11T10:22:39.979-0500][3566.539s][info][gc             ] GC(38) Pause Young (Allocation Failure) 378M->153M(496M) 2.110ms
[2022-08-11T10:22:39.979-0500][3566.539s][info][gc,cpu         ] GC(38) User=0.01s Sys=0.00s Real=0.00s
[2022-08-11T10:22:40.134-0500][3566.695s][info][gc,start       ] GC(39) Pause Young (Allocation Failure)
[2022-08-11T10:22:40.136-0500][3566.697s][info][gc,heap        ] GC(39) PSYoungGen: 232610K->1156K(248320K)
[2022-08-11T10:22:40.136-0500][3566.697s][info][gc,heap        ] GC(39) ParOldGen: 155868K->156860K(262144K)
[2022-08-11T10:22:40.136-0500][3566.697s][info][gc,metaspace   ] GC(39) Metaspace: 143951K->143951K(1179648K)
[2022-08-11T10:22:40.136-0500][3566.697s][info][gc             ] GC(39) Pause Young (Allocation Failure) 379M->154M(498M) 1.822ms
[2022-08-11T10:22:40.136-0500][3566.697s][info][gc,cpu         ] GC(39) User=0.01s Sys=0.01s Real=0.00s
[2022-08-11T10:49:06.316-0500][5152.862s][info][gc,start       ] GC(40) Pause Young (Allocation Failure)
[2022-08-11T10:49:06.319-0500][5152.865s][info][gc,heap        ] GC(40) PSYoungGen: 235140K->1883K(247808K)
[2022-08-11T10:49:06.319-0500][5152.865s][info][gc,heap        ] GC(40) ParOldGen: 156860K->157739K(262144K)
[2022-08-11T10:49:06.319-0500][5152.865s][info][gc,metaspace   ] GC(40) Metaspace: 144422K->144422K(1179648K)
[2022-08-11T10:49:06.319-0500][5152.865s][info][gc             ] GC(40) Pause Young (Allocation Failure) 382M->155M(498M) 3.039ms
[2022-08-11T10:49:06.319-0500][5152.865s][info][gc,cpu         ] GC(40) User=0.01s Sys=0.01s Real=0.00s
[2022-08-11T11:54:16.422-0500][9062.835s][info][gc,start       ] GC(41) Pause Young (Allocation Failure)
[2022-08-11T11:54:16.425-0500][9062.838s][info][gc,heap        ] GC(41) PSYoungGen: 235867K->880K(249856K)
[2022-08-11T11:54:16.425-0500][9062.838s][info][gc,heap        ] GC(41) ParOldGen: 157739K->159509K(262144K)
[2022-08-11T11:54:16.425-0500][9062.838s][info][gc,metaspace   ] GC(41) Metaspace: 144545K->144545K(1179648K)
[2022-08-11T11:54:16.425-0500][9062.838s][info][gc             ] GC(41) Pause Young (Allocation Failure) 384M->156M(500M) 3.360ms
[2022-08-11T11:54:16.425-0500][9062.838s][info][gc,cpu         ] GC(41) User=0.02s Sys=0.00s Real=0.00s
[2022-08-11T11:54:16.730-0500][9063.143s][info][gc,start       ] GC(42) Pause Young (Allocation Failure)
[2022-08-11T11:54:16.732-0500][9063.145s][info][gc,heap        ] GC(42) PSYoungGen: 237936K->1795K(249344K)
[2022-08-11T11:54:16.732-0500][9063.145s][info][gc,heap        ] GC(42) ParOldGen: 159509K->160008K(262144K)
[2022-08-11T11:54:16.732-0500][9063.145s][info][gc,metaspace   ] GC(42) Metaspace: 144547K->144547K(1179648K)
[2022-08-11T11:54:16.732-0500][9063.145s][info][gc             ] GC(42) Pause Young (Allocation Failure) 388M->158M(499M) 2.132ms
[2022-08-11T11:54:16.732-0500][9063.145s][info][gc,cpu         ] GC(42) User=0.01s Sys=0.00s Real=0.00s
[2022-08-11T11:54:16.942-0500][9063.355s][info][gc,start       ] GC(43) Pause Young (Allocation Failure)
[2022-08-11T11:54:16.944-0500][9063.357s][info][gc,heap        ] GC(43) PSYoungGen: 238851K->1311K(251392K)
[2022-08-11T11:54:16.944-0500][9063.357s][info][gc,heap        ] GC(43) ParOldGen: 160008K->161568K(262144K)
[2022-08-11T11:54:16.944-0500][9063.357s][info][gc,metaspace   ] GC(43) Metaspace: 144550K->144550K(1179648K)
[2022-08-11T11:54:16.944-0500][9063.357s][info][gc             ] GC(43) Pause Young (Allocation Failure) 389M->159M(501M) 2.397ms
[2022-08-11T11:54:16.944-0500][9063.357s][info][gc,cpu         ] GC(43) User=0.01s Sys=0.00s Real=0.00s
[2022-08-11T11:54:17.158-0500][9063.571s][info][gc,start       ] GC(44) Pause Young (Allocation Failure)
[2022-08-11T11:54:17.160-0500][9063.573s][info][gc,heap        ] GC(44) PSYoungGen: 241439K->1184K(250880K)
[2022-08-11T11:54:17.160-0500][9063.573s][info][gc,heap        ] GC(44) ParOldGen: 161568K->162616K(262144K)
[2022-08-11T11:54:17.160-0500][9063.573s][info][gc,metaspace   ] GC(44) Metaspace: 144553K->144553K(1179648K)
[2022-08-11T11:54:17.160-0500][9063.573s][info][gc             ] GC(44) Pause Young (Allocation Failure) 393M->159M(501M) 2.393ms
[2022-08-11T11:54:17.160-0500][9063.573s][info][gc,cpu         ] GC(44) User=0.01s Sys=0.00s Real=0.01s
[2022-08-11T11:57:24.055-0500][9250.467s][info][gc,start       ] GC(45) Pause Young (Allocation Failure)
[2022-08-11T11:57:24.058-0500][9250.469s][info][gc,heap        ] GC(45) PSYoungGen: 241312K->1664K(252416K)
[2022-08-11T11:57:24.058-0500][9250.469s][info][gc,heap        ] GC(45) ParOldGen: 162616K->163582K(262144K)
[2022-08-11T11:57:24.058-0500][9250.469s][info][gc,metaspace   ] GC(45) Metaspace: 144894K->144894K(1179648K)
[2022-08-11T11:57:24.058-0500][9250.469s][info][gc             ] GC(45) Pause Young (Allocation Failure) 394M->161M(502M) 2.466ms
[2022-08-11T11:57:24.058-0500][9250.469s][info][gc,cpu         ] GC(45) User=0.01s Sys=0.00s Real=0.00s
[2022-08-11T13:47:29.434-0500][12507.380s][info][gc,start       ] GC(46) Pause Young (Allocation Failure)
[2022-08-11T13:47:29.437-0500][12507.383s][info][gc,heap        ] GC(46) PSYoungGen: 243840K->512K(251904K)
[2022-08-11T13:47:29.437-0500][12507.383s][info][gc,heap        ] GC(46) ParOldGen: 163582K->164515K(262144K)
[2022-08-11T13:47:29.437-0500][12507.384s][info][gc,metaspace   ] GC(46) Metaspace: 144970K->144970K(1179648K)
[2022-08-11T13:47:29.437-0500][12507.384s][info][gc             ] GC(46) Pause Young (Allocation Failure) 397M->161M(502M) 3.228ms
[2022-08-11T13:47:29.437-0500][12507.384s][info][gc,cpu         ] GC(46) User=0.02s Sys=0.00s Real=0.00s
[2022-08-11T15:10:07.906-0500][17465.816s][info][gc,start       ] GC(47) Pause Young (Allocation Failure)
[2022-08-11T15:10:07.909-0500][17465.818s][info][gc,heap        ] GC(47) PSYoungGen: 242688K->224K(253440K)
[2022-08-11T15:10:07.909-0500][17465.818s][info][gc,heap        ] GC(47) ParOldGen: 164515K->164819K(262144K)
[2022-08-11T15:10:07.909-0500][17465.818s][info][gc,metaspace   ] GC(47) Metaspace: 145025K->145025K(1179648K)
[2022-08-11T15:10:07.909-0500][17465.818s][info][gc             ] GC(47) Pause Young (Allocation Failure) 397M->161M(503M) 2.691ms
[2022-08-11T15:10:07.909-0500][17465.818s][info][gc,cpu         ] GC(47) User=0.00s Sys=0.00s Real=0.00s
[2022-08-11T15:11:24.217-0500][17542.100s][info][gc,start       ] GC(48) Pause Young (Allocation Failure)
[2022-08-11T15:11:24.219-0500][17542.102s][info][gc,heap        ] GC(48) PSYoungGen: 244448K->3308K(252928K)
[2022-08-11T15:11:24.219-0500][17542.102s][info][gc,heap        ] GC(48) ParOldGen: 164819K->164883K(262144K)
[2022-08-11T15:11:24.219-0500][17542.102s][info][gc,metaspace   ] GC(48) Metaspace: 145108K->145108K(1179648K)
[2022-08-11T15:11:24.219-0500][17542.102s][info][gc             ] GC(48) Pause Young (Allocation Failure) 399M->164M(503M) 2.324ms
[2022-08-11T15:11:24.219-0500][17542.102s][info][gc,cpu         ] GC(48) User=0.01s Sys=0.00s Real=0.00s
[2022-08-11T15:11:24.437-0500][17542.320s][info][gc,start       ] GC(49) Pause Young (Allocation Failure)
[2022-08-11T15:11:24.439-0500][17542.322s][info][gc,heap        ] GC(49) PSYoungGen: 247532K->1340K(253952K)
[2022-08-11T15:11:24.440-0500][17542.322s][info][gc,heap        ] GC(49) ParOldGen: 164883K->167747K(262144K)
[2022-08-11T15:11:24.440-0500][17542.322s][info][gc,metaspace   ] GC(49) Metaspace: 145140K->145140K(1179648K)
[2022-08-11T15:11:24.440-0500][17542.322s][info][gc             ] GC(49) Pause Young (Allocation Failure) 402M->165M(504M) 2.592ms
[2022-08-11T15:11:24.440-0500][17542.322s][info][gc,cpu         ] GC(49) User=0.01s Sys=0.00s Real=0.01s
[2022-08-11T15:11:24.663-0500][17542.546s][info][gc,start       ] GC(50) Pause Young (Allocation Failure)
[2022-08-11T15:11:24.666-0500][17542.549s][info][gc,heap        ] GC(50) PSYoungGen: 246588K->1096K(253440K)
[2022-08-11T15:11:24.666-0500][17542.549s][info][gc,heap        ] GC(50) ParOldGen: 167747K->168912K(262144K)
[2022-08-11T15:11:24.667-0500][17542.549s][info][gc,metaspace   ] GC(50) Metaspace: 145141K->145141K(1179648K)
[2022-08-11T15:11:24.667-0500][17542.549s][info][gc             ] GC(50) Pause Young (Allocation Failure) 404M->166M(503M) 3.206ms
[2022-08-11T15:11:24.667-0500][17542.549s][info][gc,cpu         ] GC(50) User=0.01s Sys=0.00s Real=0.00s
[2022-08-11T15:16:44.515-0500][17862.395s][info][gc,start       ] GC(51) Pause Young (Allocation Failure)
[2022-08-11T15:16:44.519-0500][17862.399s][info][gc,heap        ] GC(51) PSYoungGen: 246344K->7651K(250368K)
[2022-08-11T15:16:44.520-0500][17862.399s][info][gc,heap        ] GC(51) ParOldGen: 168912K->170048K(262144K)
[2022-08-11T15:16:44.520-0500][17862.399s][info][gc,metaspace   ] GC(51) Metaspace: 146749K->146749K(1181696K)
[2022-08-11T15:16:44.520-0500][17862.399s][info][gc             ] GC(51) Pause Young (Allocation Failure) 405M->173M(500M) 4.290ms
[2022-08-11T15:16:44.520-0500][17862.399s][info][gc,cpu         ] GC(51) User=0.02s Sys=0.00s Real=0.01s
[2022-08-11T15:22:27.656-0500][18205.536s][info][gc,start       ] GC(52) Pause Young (Allocation Failure)
[2022-08-11T15:22:27.660-0500][18205.540s][info][gc,heap        ] GC(52) PSYoungGen: 250339K->1103K(252416K)
[2022-08-11T15:22:27.660-0500][18205.540s][info][gc,heap        ] GC(52) ParOldGen: 170048K->175290K(262144K)
[2022-08-11T15:22:27.660-0500][18205.540s][info][gc,metaspace   ] GC(52) Metaspace: 147155K->147155K(1181696K)
[2022-08-11T15:22:27.660-0500][18205.540s][info][gc             ] GC(52) Pause Young (Allocation Failure) 410M->172M(502M) 4.284ms
[2022-08-11T15:22:27.660-0500][18205.540s][info][gc,cpu         ] GC(52) User=0.02s Sys=0.01s Real=0.01s
[2022-08-11T15:28:14.229-0500][18552.081s][info][gc,start       ] GC(53) Pause Young (Allocation Failure)
[2022-08-11T15:28:14.231-0500][18552.084s][info][gc,heap        ] GC(53) PSYoungGen: 243791K->1600K(253440K)
[2022-08-11T15:28:14.231-0500][18552.084s][info][gc,heap        ] GC(53) ParOldGen: 175290K->175981K(262144K)
[2022-08-11T15:28:14.231-0500][18552.084s][info][gc,metaspace   ] GC(53) Metaspace: 147515K->147515K(1183744K)
[2022-08-11T15:28:14.231-0500][18552.084s][info][gc             ] GC(53) Pause Young (Allocation Failure) 409M->173M(503M) 2.534ms
[2022-08-11T15:28:14.231-0500][18552.084s][info][gc,cpu         ] GC(53) User=0.02s Sys=0.00s Real=0.01s
[2022-08-11T15:34:23.712-0500][18921.563s][info][gc,start       ] GC(54) Pause Young (Allocation Failure)
[2022-08-11T15:34:23.715-0500][18921.567s][info][gc,heap        ] GC(54) PSYoungGen: 245824K->5733K(252928K)
[2022-08-11T15:34:23.715-0500][18921.567s][info][gc,heap        ] GC(54) ParOldGen: 175981K->176796K(262144K)
[2022-08-11T15:34:23.715-0500][18921.567s][info][gc,metaspace   ] GC(54) Metaspace: 147805K->147805K(1183744K)
[2022-08-11T15:34:23.715-0500][18921.567s][info][gc             ] GC(54) Pause Young (Allocation Failure) 411M->178M(503M) 3.630ms
[2022-08-11T15:34:23.715-0500][18921.567s][info][gc,cpu         ] GC(54) User=0.02s Sys=0.00s Real=0.00s
[2022-08-11T15:40:31.716-0500][19289.566s][info][gc,start       ] GC(55) Pause Young (Allocation Failure)
[2022-08-11T15:40:31.721-0500][19289.572s][info][gc,heap        ] GC(55) PSYoungGen: 249957K->2699K(253440K)
[2022-08-11T15:40:31.721-0500][19289.572s][info][gc,heap        ] GC(55) ParOldGen: 176796K->181829K(262144K)
[2022-08-11T15:40:31.722-0500][19289.572s][info][gc,metaspace   ] GC(55) Metaspace: 148076K->148076K(1183744K)
[2022-08-11T15:40:31.722-0500][19289.572s][info][gc             ] GC(55) Pause Young (Allocation Failure) 416M->180M(503M) 5.588ms
[2022-08-11T15:40:31.722-0500][19289.572s][info][gc,cpu         ] GC(55) User=0.04s Sys=0.00s Real=0.01s
[2022-08-11T15:44:54.256-0500][19552.105s][info][gc,start       ] GC(56) Pause Young (Allocation Failure)
[2022-08-11T15:44:54.259-0500][19552.108s][info][gc,heap        ] GC(56) PSYoungGen: 246923K->1551K(252928K)
[2022-08-11T15:44:54.259-0500][19552.108s][info][gc,heap        ] GC(56) ParOldGen: 181829K->183798K(262144K)
[2022-08-11T15:44:54.259-0500][19552.108s][info][gc,metaspace   ] GC(56) Metaspace: 148454K->148454K(1183744K)
[2022-08-11T15:44:54.259-0500][19552.108s][info][gc             ] GC(56) Pause Young (Allocation Failure) 418M->181M(503M) 3.371ms
[2022-08-11T15:44:54.259-0500][19552.108s][info][gc,cpu         ] GC(56) User=0.02s Sys=0.00s Real=0.00s
[2022-08-11T15:59:22.957-0500][20420.792s][info][gc,start       ] GC(57) Pause Young (Allocation Failure)
[2022-08-11T15:59:22.960-0500][20420.795s][info][gc,heap        ] GC(57) PSYoungGen: 245775K->864K(253952K)
[2022-08-11T15:59:22.960-0500][20420.795s][info][gc,heap        ] GC(57) ParOldGen: 183798K->184654K(262144K)
[2022-08-11T15:59:22.960-0500][20420.795s][info][gc,metaspace   ] GC(57) Metaspace: 148696K->148696K(1183744K)
[2022-08-11T15:59:22.960-0500][20420.795s][info][gc             ] GC(57) Pause Young (Allocation Failure) 419M->181M(504M) 2.911ms
[2022-08-11T15:59:22.960-0500][20420.795s][info][gc,cpu         ] GC(57) User=0.01s Sys=0.00s Real=0.01s
[2022-08-11T15:59:23.329-0500][20421.164s][info][gc,start       ] GC(58) Pause Young (Allocation Failure)
[2022-08-11T15:59:23.331-0500][20421.166s][info][gc,heap        ] GC(58) PSYoungGen: 246614K->1922K(253952K)
[2022-08-11T15:59:23.332-0500][20421.166s][info][gc,heap        ] GC(58) ParOldGen: 184654K->185300K(262144K)
[2022-08-11T15:59:23.332-0500][20421.166s][info][gc,metaspace   ] GC(58) Metaspace: 148698K->148698K(1183744K)
[2022-08-11T15:59:23.332-0500][20421.166s][info][gc             ] GC(58) Pause Young (Allocation Failure) 421M->182M(504M) 2.608ms
[2022-08-11T15:59:23.332-0500][20421.166s][info][gc,cpu         ] GC(58) User=0.01s Sys=0.00s Real=0.01s
[2022-08-11T15:59:23.567-0500][20421.402s][info][gc,start       ] GC(59) Pause Young (Allocation Failure)
[2022-08-11T15:59:23.569-0500][20421.404s][info][gc,heap        ] GC(59) PSYoungGen: 247682K->1310K(254976K)
[2022-08-11T15:59:23.570-0500][20421.404s][info][gc,heap        ] GC(59) ParOldGen: 185300K->186964K(262144K)
[2022-08-11T15:59:23.570-0500][20421.404s][info][gc,metaspace   ] GC(59) Metaspace: 148699K->148699K(1183744K)
[2022-08-11T15:59:23.570-0500][20421.404s][info][gc             ] GC(59) Pause Young (Allocation Failure) 422M->183M(505M) 2.683ms
[2022-08-11T15:59:23.570-0500][20421.404s][info][gc,cpu         ] GC(59) User=0.02s Sys=0.00s Real=0.01s
[2022-08-11T15:59:23.800-0500][20421.635s][info][gc,start       ] GC(60) Pause Young (Allocation Failure)
[2022-08-11T15:59:23.803-0500][20421.638s][info][gc,heap        ] GC(60) PSYoungGen: 248606K->1217K(254464K)
[2022-08-11T15:59:23.803-0500][20421.638s][info][gc,heap        ] GC(60) ParOldGen: 186964K->188060K(262144K)
[2022-08-11T15:59:23.803-0500][20421.638s][info][gc,metaspace   ] GC(60) Metaspace: 148701K->148701K(1183744K)
[2022-08-11T15:59:23.803-0500][20421.638s][info][gc             ] GC(60) Pause Young (Allocation Failure) 425M->184M(504M) 2.321ms
[2022-08-11T15:59:23.803-0500][20421.638s][info][gc,cpu         ] GC(60) User=0.01s Sys=0.00s Real=0.00s
[2022-08-11T16:03:15.481-0500][20653.315s][info][gc,start       ] GC(61) Pause Young (Allocation Failure)
[2022-08-11T16:03:15.483-0500][20653.318s][info][gc,heap        ] GC(61) PSYoungGen: 248513K->1728K(255488K)
[2022-08-11T16:03:15.483-0500][20653.318s][info][gc,heap        ] GC(61) ParOldGen: 188060K->189051K(262144K)
[2022-08-11T16:03:15.483-0500][20653.318s][info][gc,metaspace   ] GC(61) Metaspace: 148929K->148929K(1183744K)
[2022-08-11T16:03:15.483-0500][20653.318s][info][gc             ] GC(61) Pause Young (Allocation Failure) 426M->186M(505M) 2.533ms
[2022-08-11T16:03:15.483-0500][20653.318s][info][gc,cpu         ] GC(61) User=0.01s Sys=0.00s Real=0.00s
[2022-08-11T16:08:35.897-0500][20973.731s][info][gc,start       ] GC(62) Pause Young (Allocation Failure)
[2022-08-11T16:08:35.900-0500][20973.734s][info][gc,heap        ] GC(62) PSYoungGen: 250035K->1423K(254976K)
[2022-08-11T16:08:35.900-0500][20973.734s][info][gc,heap        ] GC(62) ParOldGen: 189051K->190141K(262144K)
[2022-08-11T16:08:35.900-0500][20973.734s][info][gc,metaspace   ] GC(62) Metaspace: 149211K->149211K(1183744K)
[2022-08-11T16:08:35.900-0500][20973.734s][info][gc             ] GC(62) Pause Young (Allocation Failure) 428M->187M(505M) 2.697ms
[2022-08-11T16:08:35.900-0500][20973.734s][info][gc,cpu         ] GC(62) User=0.01s Sys=0.01s Real=0.01s
[2022-08-11T16:14:41.463-0500][21339.344s][info][gc,start       ] GC(63) Pause Young (Allocation Failure)
[2022-08-11T16:14:41.466-0500][21339.347s][info][gc,heap        ] GC(63) PSYoungGen: 249743K->1568K(256000K)
[2022-08-11T16:14:41.466-0500][21339.348s][info][gc,heap        ] GC(63) ParOldGen: 190141K->190991K(262144K)
[2022-08-11T16:14:41.466-0500][21339.348s][info][gc,metaspace   ] GC(63) Metaspace: 149551K->149551K(1185792K)
[2022-08-11T16:14:41.466-0500][21339.348s][info][gc             ] GC(63) Pause Young (Allocation Failure) 429M->188M(506M) 3.252ms
[2022-08-11T16:14:41.466-0500][21339.348s][info][gc,cpu         ] GC(63) User=0.02s Sys=0.00s Real=0.00s
[2022-08-11T16:21:23.170-0500][21741.057s][info][gc,start       ] GC(64) Pause Young (Allocation Failure)
[2022-08-11T16:21:23.174-0500][21741.061s][info][gc,heap        ] GC(64) PSYoungGen: 251424K->2656K(256000K)
[2022-08-11T16:21:23.174-0500][21741.061s][info][gc,heap        ] GC(64) ParOldGen: 190991K->191911K(262144K)
[2022-08-11T16:21:23.174-0500][21741.061s][info][gc,metaspace   ] GC(64) Metaspace: 150081K->150081K(1185792K)
[2022-08-11T16:21:23.174-0500][21741.061s][info][gc             ] GC(64) Pause Young (Allocation Failure) 432M->190M(506M) 4.047ms
[2022-08-11T16:21:23.174-0500][21741.062s][info][gc,cpu         ] GC(64) User=0.02s Sys=0.01s Real=0.00s
[2022-08-11T17:21:45.887-0500][25363.655s][info][gc,start       ] GC(65) Pause Young (Allocation Failure)
[2022-08-11T17:21:45.890-0500][25363.658s][info][gc,heap        ] GC(65) PSYoungGen: 252512K->512K(256512K)
[2022-08-11T17:21:45.890-0500][25363.658s][info][gc,heap        ] GC(65) ParOldGen: 191911K->192343K(262144K)
[2022-08-11T17:21:45.890-0500][25363.658s][info][gc,metaspace   ] GC(65) Metaspace: 150204K->150204K(1185792K)
[2022-08-11T17:21:45.890-0500][25363.658s][info][gc             ] GC(65) Pause Young (Allocation Failure) 434M->188M(506M) 3.066ms
[2022-08-11T17:21:45.890-0500][25363.658s][info][gc,cpu         ] GC(65) User=0.01s Sys=0.00s Real=0.01s
[2022-08-11T17:22:03.704-0500][25381.471s][info][gc,start       ] GC(66) Pause Young (Allocation Failure)
[2022-08-11T17:22:03.706-0500][25381.474s][info][gc,heap        ] GC(66) PSYoungGen: 250880K->2281K(256000K)
[2022-08-11T17:22:03.706-0500][25381.474s][info][gc,heap        ] GC(66) ParOldGen: 192343K->192659K(262144K)
[2022-08-11T17:22:03.706-0500][25381.474s][info][gc,metaspace   ] GC(66) Metaspace: 150289K->150289K(1185792K)
[2022-08-11T17:22:03.706-0500][25381.474s][info][gc             ] GC(66) Pause Young (Allocation Failure) 432M->190M(506M) 2.635ms
[2022-08-11T17:22:03.706-0500][25381.474s][info][gc,cpu         ] GC(66) User=0.01s Sys=0.00s Real=0.00s
[2022-08-11T17:22:03.960-0500][25381.727s][info][gc,start       ] GC(67) Pause Young (Allocation Failure)
[2022-08-11T17:22:03.963-0500][25381.730s][info][gc,heap        ] GC(67) PSYoungGen: 252649K->1374K(257024K)
[2022-08-11T17:22:03.963-0500][25381.730s][info][gc,heap        ] GC(67) ParOldGen: 192659K->194534K(262144K)
[2022-08-11T17:22:03.963-0500][25381.730s][info][gc,metaspace   ] GC(67) Metaspace: 150393K->150393K(1185792K)
[2022-08-11T17:22:03.963-0500][25381.730s][info][gc             ] GC(67) Pause Young (Allocation Failure) 434M->191M(507M) 2.897ms
[2022-08-11T17:22:03.963-0500][25381.730s][info][gc,cpu         ] GC(67) User=0.02s Sys=0.00s Real=0.00s
[2022-08-11T17:22:04.221-0500][25381.988s][info][gc,start       ] GC(68) Pause Young (Allocation Failure)
[2022-08-11T17:22:04.224-0500][25381.991s][info][gc,heap        ] GC(68) PSYoungGen: 252766K->1280K(256512K)
[2022-08-11T17:22:04.224-0500][25381.991s][info][gc,heap        ] GC(68) ParOldGen: 194534K->195694K(262144K)
[2022-08-11T17:22:04.224-0500][25381.991s][info][gc,metaspace   ] GC(68) Metaspace: 150452K->150452K(1185792K)
[2022-08-11T17:22:04.224-0500][25381.991s][info][gc             ] GC(68) Pause Young (Allocation Failure) 436M->192M(506M) 2.415ms
[2022-08-11T17:22:04.224-0500][25381.991s][info][gc,cpu         ] GC(68) User=0.01s Sys=0.00s Real=0.00s
[2022-08-11T20:21:43.831-0500][28502.315s][info][gc,start       ] GC(69) Pause Young (Allocation Failure)
[2022-08-11T20:21:43.839-0500][28502.323s][info][gc,heap        ] GC(69) PSYoungGen: 252672K->719K(257024K)
[2022-08-11T20:21:43.839-0500][28502.323s][info][gc,heap        ] GC(69) ParOldGen: 195694K->196716K(262144K)
[2022-08-11T20:21:43.839-0500][28502.323s][info][gc,metaspace   ] GC(69) Metaspace: 150588K->150588K(1185792K)
[2022-08-11T20:21:43.839-0500][28502.323s][info][gc             ] GC(69) Pause Young (Allocation Failure) 437M->192M(507M) 8.395ms
[2022-08-11T20:21:43.840-0500][28502.323s][info][gc,cpu         ] GC(69) User=0.04s Sys=0.00s Real=0.01s
[2022-08-12T00:24:43.696-0500][33598.406s][info][gc,start       ] GC(70) Pause Young (Allocation Failure)
[2022-08-12T00:24:43.699-0500][33598.410s][info][gc,heap        ] GC(70) PSYoungGen: 252623K->400K(257024K)
[2022-08-12T00:24:43.699-0500][33598.410s][info][gc,heap        ] GC(70) ParOldGen: 196716K->197340K(262144K)
[2022-08-12T00:24:43.699-0500][33598.410s][info][gc,metaspace   ] GC(70) Metaspace: 150661K->150661K(1185792K)
[2022-08-12T00:24:43.699-0500][33598.410s][info][gc             ] GC(70) Pause Young (Allocation Failure) 438M->193M(507M) 3.666ms
[2022-08-12T00:24:43.699-0500][33598.410s][info][gc,cpu         ] GC(70) User=0.01s Sys=0.00s Real=0.00s
[2022-08-12T11:17:31.171-0500][38723.955s][info][gc,start       ] GC(71) Pause Young (Allocation Failure)
[2022-08-12T11:17:31.174-0500][38723.957s][info][gc,heap        ] GC(71) PSYoungGen: 252304K->352K(257536K)
[2022-08-12T11:17:31.174-0500][38723.957s][info][gc,heap        ] GC(71) ParOldGen: 197340K->197580K(262144K)
[2022-08-12T11:17:31.174-0500][38723.957s][info][gc,metaspace   ] GC(71) Metaspace: 150943K->150943K(1185792K)
[2022-08-12T11:17:31.174-0500][38723.957s][info][gc             ] GC(71) Pause Young (Allocation Failure) 439M->193M(507M) 2.740ms
[2022-08-12T11:17:31.174-0500][38723.957s][info][gc,cpu         ] GC(71) User=0.00s Sys=0.00s Real=0.00s
[2022-08-12T13:07:54.140-0500][39542.335s][info][gc,start       ] GC(72) Pause Young (Allocation Failure)
[2022-08-12T13:07:54.144-0500][39542.339s][info][gc,heap        ] GC(72) PSYoungGen: 252768K->2058K(257024K)
[2022-08-12T13:07:54.144-0500][39542.339s][info][gc,heap        ] GC(72) ParOldGen: 197580K->197700K(262144K)
[2022-08-12T13:07:54.144-0500][39542.339s][info][gc,metaspace   ] GC(72) Metaspace: 151002K->151002K(1185792K)
[2022-08-12T13:07:54.144-0500][39542.339s][info][gc             ] GC(72) Pause Young (Allocation Failure) 439M->195M(507M) 3.404ms
[2022-08-12T13:07:54.144-0500][39542.339s][info][gc,cpu         ] GC(72) User=0.01s Sys=0.01s Real=0.00s
[2022-08-12T13:07:54.378-0500][39542.573s][info][gc,start       ] GC(73) Pause Young (Allocation Failure)
[2022-08-12T13:07:54.386-0500][39542.581s][info][gc,heap        ] GC(73) PSYoungGen: 254474K->1498K(257536K)
[2022-08-12T13:07:54.386-0500][39542.581s][info][gc,heap        ] GC(73) ParOldGen: 197700K->199407K(262144K)
[2022-08-12T13:07:54.386-0500][39542.581s][info][gc,metaspace   ] GC(73) Metaspace: 151005K->151005K(1185792K)
[2022-08-12T13:07:54.386-0500][39542.581s][info][gc             ] GC(73) Pause Young (Allocation Failure) 441M->196M(507M) 7.704ms
[2022-08-12T13:07:54.386-0500][39542.581s][info][gc,cpu         ] GC(73) User=0.01s Sys=0.00s Real=0.01s
[2022-08-12T13:07:54.611-0500][39542.806s][info][gc,start       ] GC(74) Pause Young (Allocation Failure)
[2022-08-12T13:07:54.613-0500][39542.808s][info][gc,heap        ] GC(74) PSYoungGen: 254426K->1127K(257536K)
[2022-08-12T13:07:54.613-0500][39542.808s][info][gc,heap        ] GC(74) ParOldGen: 199407K->200643K(262144K)
[2022-08-12T13:07:54.613-0500][39542.808s][info][gc,metaspace   ] GC(74) Metaspace: 151007K->151007K(1185792K)
[2022-08-12T13:07:54.613-0500][39542.808s][info][gc             ] GC(74) Pause Young (Allocation Failure) 443M->197M(507M) 2.361ms
[2022-08-12T13:07:54.613-0500][39542.808s][info][gc,cpu         ] GC(74) User=0.01s Sys=0.00s Real=0.00s
[2022-08-12T13:11:03.380-0500][39731.575s][info][gc,start       ] GC(75) Pause Young (Allocation Failure)
[2022-08-12T13:11:03.383-0500][39731.578s][info][gc,heap        ] GC(75) PSYoungGen: 254055K->1858K(258048K)
[2022-08-12T13:11:03.383-0500][39731.578s][info][gc,heap        ] GC(75) ParOldGen: 200643K->201595K(262144K)
[2022-08-12T13:11:03.383-0500][39731.578s][info][gc,metaspace   ] GC(75) Metaspace: 151109K->151109K(1185792K)
[2022-08-12T13:11:03.383-0500][39731.578s][info][gc             ] GC(75) Pause Young (Allocation Failure) 444M->198M(508M) 2.953ms
[2022-08-12T13:11:03.383-0500][39731.578s][info][gc,cpu         ] GC(75) User=0.02s Sys=0.01s Real=0.00s
[2022-08-12T13:16:16.742-0500][40044.935s][info][gc,start       ] GC(76) Pause Young (Allocation Failure)
[2022-08-12T13:16:16.746-0500][40044.939s][info][gc,heap        ] GC(76) PSYoungGen: 255810K->1547K(258048K)
[2022-08-12T13:16:16.746-0500][40044.939s][info][gc,heap        ] GC(76) ParOldGen: 201595K->202970K(262144K)
[2022-08-12T13:16:16.746-0500][40044.939s][info][gc,metaspace   ] GC(76) Metaspace: 151271K->151271K(1185792K)
[2022-08-12T13:16:16.746-0500][40044.939s][info][gc             ] GC(76) Pause Young (Allocation Failure) 446M->199M(508M) 4.086ms
[2022-08-12T13:16:16.746-0500][40044.939s][info][gc,cpu         ] GC(76) User=0.02s Sys=0.00s Real=0.00s
[2022-08-12T13:21:52.934-0500][40381.127s][info][gc,start       ] GC(77) Pause Young (Allocation Failure)
[2022-08-12T13:21:52.939-0500][40381.131s][info][gc,heap        ] GC(77) PSYoungGen: 255499K->911K(258560K)
[2022-08-12T13:21:52.939-0500][40381.131s][info][gc,heap        ] GC(77) ParOldGen: 202970K->204105K(262144K)
[2022-08-12T13:21:52.939-0500][40381.131s][info][gc,metaspace   ] GC(77) Metaspace: 151366K->151366K(1187840K)
[2022-08-12T13:21:52.939-0500][40381.131s][info][gc             ] GC(77) Pause Young (Allocation Failure) 447M->200M(508M) 4.645ms
[2022-08-12T13:21:52.939-0500][40381.131s][info][gc,cpu         ] GC(77) User=0.02s Sys=0.01s Real=0.00s
[2022-08-12T13:31:54.857-0500][40983.047s][info][gc,start       ] GC(78) Pause Young (Allocation Failure)
[2022-08-12T13:31:54.861-0500][40983.051s][info][gc,heap        ] GC(78) PSYoungGen: 255375K->1419K(258048K)
[2022-08-12T13:31:54.861-0500][40983.051s][info][gc,heap        ] GC(78) ParOldGen: 204105K->204640K(262144K)
[2022-08-12T13:31:54.861-0500][40983.051s][info][gc,metaspace   ] GC(78) Metaspace: 151755K->151755K(1187840K)
[2022-08-12T13:31:54.861-0500][40983.051s][info][gc             ] GC(78) Pause Young (Allocation Failure) 448M->201M(508M) 3.972ms
[2022-08-12T13:31:54.861-0500][40983.051s][info][gc,cpu         ] GC(78) User=0.02s Sys=0.00s Real=0.01s
[2022-08-12T13:32:48.110-0500][41036.300s][info][gc,start       ] GC(79) Pause Young (Allocation Failure)
[2022-08-12T13:32:48.114-0500][41036.304s][info][gc,heap        ] GC(79) PSYoungGen: 255883K->2080K(258560K)
[2022-08-12T13:32:48.114-0500][41036.304s][info][gc,heap        ] GC(79) ParOldGen: 204640K->205661K(262144K)
[2022-08-12T13:32:48.114-0500][41036.304s][info][gc,metaspace   ] GC(79) Metaspace: 151776K->151776K(1187840K)
[2022-08-12T13:32:48.114-0500][41036.304s][info][gc             ] GC(79) Pause Young (Allocation Failure) 449M->202M(508M) 3.664ms
[2022-08-12T13:32:48.114-0500][41036.304s][info][gc,cpu         ] GC(79) User=0.02s Sys=0.00s Real=0.00s
[2022-08-12T13:32:48.331-0500][41036.522s][info][gc,start       ] GC(80) Pause Young (Allocation Failure)
[2022-08-12T13:32:48.334-0500][41036.524s][info][gc,heap        ] GC(80) PSYoungGen: 257048K->1342K(258560K)
[2022-08-12T13:32:48.334-0500][41036.524s][info][gc,heap        ] GC(80) ParOldGen: 205661K->207511K(262144K)
[2022-08-12T13:32:48.334-0500][41036.524s][info][gc,metaspace   ] GC(80) Metaspace: 151777K->151777K(1187840K)
[2022-08-12T13:32:48.334-0500][41036.524s][info][gc             ] GC(80) Pause Young (Allocation Failure) 451M->203M(508M) 2.684ms
[2022-08-12T13:32:48.334-0500][41036.524s][info][gc,cpu         ] GC(80) User=0.02s Sys=0.00s Real=0.00s
[2022-08-12T13:32:48.557-0500][41036.747s][info][gc,start       ] GC(81) Pause Young (Allocation Failure)
[2022-08-12T13:32:48.559-0500][41036.750s][info][gc,heap        ] GC(81) PSYoungGen: 256318K->1249K(258560K)
[2022-08-12T13:32:48.559-0500][41036.750s][info][gc,heap        ] GC(81) ParOldGen: 207511K->208647K(262144K)
[2022-08-12T13:32:48.559-0500][41036.750s][info][gc,metaspace   ] GC(81) Metaspace: 151780K->151780K(1187840K)
[2022-08-12T13:32:48.559-0500][41036.750s][info][gc             ] GC(81) Pause Young (Allocation Failure) 452M->204M(508M) 2.474ms
[2022-08-12T13:32:48.560-0500][41036.750s][info][gc,cpu         ] GC(81) User=0.01s Sys=0.00s Real=0.01s
[2022-08-12T13:38:20.674-0500][41368.823s][info][gc,start       ] GC(82) Pause Young (Allocation Failure)
[2022-08-12T13:38:20.678-0500][41368.827s][info][gc,heap        ] GC(82) PSYoungGen: 256225K->1405K(258560K)
[2022-08-12T13:38:20.678-0500][41368.827s][info][gc,heap        ] GC(82) ParOldGen: 208647K->209662K(262144K)
[2022-08-12T13:38:20.678-0500][41368.827s][info][gc,metaspace   ] GC(82) Metaspace: 151920K->151920K(1187840K)
[2022-08-12T13:38:20.678-0500][41368.827s][info][gc             ] GC(82) Pause Young (Allocation Failure) 453M->206M(508M) 3.609ms
[2022-08-12T13:38:20.678-0500][41368.827s][info][gc,cpu         ] GC(82) User=0.01s Sys=0.00s Real=0.00s
[2022-08-12T13:46:35.123-0500][41863.272s][info][gc,start       ] GC(83) Pause Young (Allocation Failure)
[2022-08-12T13:46:35.126-0500][41863.276s][info][gc,heap        ] GC(83) PSYoungGen: 256381K->1440K(259072K)
[2022-08-12T13:46:35.127-0500][41863.276s][info][gc,heap        ] GC(83) ParOldGen: 209662K->210578K(262144K)
[2022-08-12T13:46:35.127-0500][41863.276s][info][gc,metaspace   ] GC(83) Metaspace: 152011K->152011K(1187840K)
[2022-08-12T13:46:35.127-0500][41863.276s][info][gc             ] GC(83) Pause Young (Allocation Failure) 455M->207M(509M) 3.278ms
[2022-08-12T13:46:35.127-0500][41863.276s][info][gc,cpu         ] GC(83) User=0.01s Sys=0.00s Real=0.00s
[2022-08-12T13:54:52.577-0500][42360.700s][info][gc,start       ] GC(84) Pause Young (Allocation Failure)
[2022-08-12T13:54:52.580-0500][42360.702s][info][gc,heap        ] GC(84) PSYoungGen: 257440K->1376K(259072K)
[2022-08-12T13:54:52.580-0500][42360.702s][info][gc,heap        ] GC(84) ParOldGen: 210578K->211257K(262144K)
[2022-08-12T13:54:52.580-0500][42360.702s][info][gc,metaspace   ] GC(84) Metaspace: 152131K->152131K(1187840K)
[2022-08-12T13:54:52.580-0500][42360.702s][info][gc             ] GC(84) Pause Young (Allocation Failure) 457M->207M(509M) 2.459ms
[2022-08-12T13:54:52.580-0500][42360.702s][info][gc,cpu         ] GC(84) User=0.01s Sys=0.00s Real=0.01s
[2022-08-12T14:26:20.610-0500][44248.745s][info][gc,start       ] GC(85) Pause Young (Allocation Failure)
[2022-08-12T14:26:20.613-0500][44248.748s][info][gc,heap        ] GC(85) PSYoungGen: 257376K->960K(259072K)
[2022-08-12T14:26:20.613-0500][44248.748s][info][gc,heap        ] GC(85) ParOldGen: 211257K->211809K(262144K)
[2022-08-12T14:26:20.613-0500][44248.748s][info][gc,metaspace   ] GC(85) Metaspace: 152194K->152194K(1187840K)
[2022-08-12T14:26:20.613-0500][44248.748s][info][gc             ] GC(85) Pause Young (Allocation Failure) 457M->207M(509M) 2.830ms
[2022-08-12T14:26:20.613-0500][44248.748s][info][gc,cpu         ] GC(85) User=0.01s Sys=0.00s Real=0.00s
[2022-08-12T14:26:20.921-0500][44249.056s][info][gc,start       ] GC(86) Pause Young (Allocation Failure)
[2022-08-12T14:26:20.924-0500][44249.058s][info][gc,heap        ] GC(86) PSYoungGen: 256960K->1768K(259072K)
[2022-08-12T14:26:20.924-0500][44249.058s][info][gc,heap        ] GC(86) ParOldGen: 211809K->212576K(262144K)
[2022-08-12T14:26:20.924-0500][44249.058s][info][gc,metaspace   ] GC(86) Metaspace: 152196K->152196K(1187840K)
[2022-08-12T14:26:20.924-0500][44249.059s][info][gc             ] GC(86) Pause Young (Allocation Failure) 457M->209M(509M) 2.418ms
[2022-08-12T14:26:20.924-0500][44249.059s][info][gc,cpu         ] GC(86) User=0.01s Sys=0.01s Real=0.00s
[2022-08-12T14:26:21.159-0500][44249.294s][info][gc,start       ] GC(87) Pause Young (Allocation Failure)
[2022-08-12T14:26:21.162-0500][44249.297s][info][gc,heap        ] GC(87) PSYoungGen: 257768K->1346K(259584K)
[2022-08-12T14:26:21.162-0500][44249.297s][info][gc,heap        ] GC(87) ParOldGen: 212576K->214144K(262144K)
[2022-08-12T14:26:21.162-0500][44249.297s][info][gc,metaspace   ] GC(87) Metaspace: 152197K->152197K(1187840K)
[2022-08-12T14:26:21.162-0500][44249.297s][info][gc             ] GC(87) Pause Young (Allocation Failure) 459M->210M(509M) 2.596ms
[2022-08-12T14:26:21.162-0500][44249.297s][info][gc,cpu         ] GC(87) User=0.01s Sys=0.00s Real=0.01s
[2022-08-12T14:26:21.359-0500][44249.494s][info][gc,start       ] GC(88) Pause Young (Allocation Failure)
[2022-08-12T14:26:21.361-0500][44249.496s][info][gc,heap        ] GC(88) PSYoungGen: 257858K->1158K(259072K)
[2022-08-12T14:26:21.362-0500][44249.496s][info][gc,heap        ] GC(88) ParOldGen: 214144K->215240K(262144K)
[2022-08-12T14:26:21.362-0500][44249.496s][info][gc,metaspace   ] GC(88) Metaspace: 152201K->152201K(1187840K)
[2022-08-12T14:26:21.362-0500][44249.496s][info][gc             ] GC(88) Pause Young (Allocation Failure) 460M->211M(509M) 2.448ms
[2022-08-12T14:26:21.362-0500][44249.496s][info][gc,cpu         ] GC(88) User=0.01s Sys=0.00s Real=0.01s
[2022-08-12T15:34:49.567-0500][46538.355s][info][gc,start       ] GC(89) Pause Young (Allocation Failure)
[2022-08-12T15:34:49.571-0500][46538.360s][info][gc,heap        ] GC(89) PSYoungGen: 257670K->1531K(259584K)
[2022-08-12T15:34:49.571-0500][46538.360s][info][gc,heap        ] GC(89) ParOldGen: 215240K->216175K(262144K)
[2022-08-12T15:34:49.571-0500][46538.360s][info][gc,metaspace   ] GC(89) Metaspace: 152343K->152343K(1187840K)
[2022-08-12T15:34:49.571-0500][46538.360s][info][gc             ] GC(89) Pause Young (Allocation Failure) 461M->212M(509M) 4.672ms
[2022-08-12T15:34:49.571-0500][46538.360s][info][gc,cpu         ] GC(89) User=0.02s Sys=0.00s Real=0.01s
[2022-08-13T15:08:03.306-0500][51711.334s][info][gc,start       ] GC(90) Pause Young (Allocation Failure)
[2022-08-13T15:08:03.328-0500][51711.357s][info][gc,heap        ] GC(90) PSYoungGen: 258555K->288K(259584K)
[2022-08-13T15:08:03.329-0500][51711.357s][info][gc,heap        ] GC(90) ParOldGen: 216175K->217729K(262144K)
[2022-08-13T15:08:03.329-0500][51711.357s][info][gc,metaspace   ] GC(90) Metaspace: 152405K->152405K(1187840K)
[2022-08-13T15:08:03.329-0500][51711.357s][info][gc             ] GC(90) Pause Young (Allocation Failure) 463M->212M(509M) 22.368ms
[2022-08-13T15:08:03.329-0500][51711.357s][info][gc,cpu         ] GC(90) User=0.03s Sys=0.01s Real=0.02s
[2022-08-15T11:33:51.130-0500][56813.832s][info][gc,start       ] GC(91) Pause Young (Allocation Failure)
[2022-08-15T11:33:51.266-0500][56813.968s][info][gc,heap        ] GC(91) PSYoungGen: 257312K->320K(258560K)
[2022-08-15T11:33:51.266-0500][56813.968s][info][gc,heap        ] GC(91) ParOldGen: 217729K->217801K(262144K)
[2022-08-15T11:33:51.266-0500][56813.969s][info][gc,metaspace   ] GC(91) Metaspace: 152440K->152440K(1187840K)
[2022-08-15T11:33:51.267-0500][56813.969s][info][gc             ] GC(91) Pause Young (Allocation Failure) 463M->213M(508M) 137.626ms
[2022-08-15T11:33:51.267-0500][56813.969s][info][gc,cpu         ] GC(91) User=0.12s Sys=0.18s Real=0.14s
[2022-08-16T08:27:46.831-0500][61923.893s][info][gc,start       ] GC(92) Pause Young (Allocation Failure)
[2022-08-16T08:27:46.889-0500][61923.951s][info][gc,heap        ] GC(92) PSYoungGen: 256320K->352K(259072K)
[2022-08-16T08:27:46.889-0500][61923.951s][info][gc,heap        ] GC(92) ParOldGen: 217801K->217873K(262144K)
[2022-08-16T08:27:46.890-0500][61923.951s][info][gc,metaspace   ] GC(92) Metaspace: 152455K->152455K(1187840K)
[2022-08-16T08:27:46.890-0500][61923.952s][info][gc             ] GC(92) Pause Young (Allocation Failure) 463M->213M(509M) 59.805ms
[2022-08-16T08:27:46.890-0500][61923.952s][info][gc,cpu         ] GC(92) User=0.02s Sys=0.19s Real=0.06s
[2022-08-16T09:55:53.467-0500][67210.576s][info][gc,start       ] GC(93) Pause Young (Allocation Failure)
[2022-08-16T09:55:53.470-0500][67210.579s][info][gc,heap        ] GC(93) PSYoungGen: 256352K->320K(259072K)
[2022-08-16T09:55:53.470-0500][67210.579s][info][gc,heap        ] GC(93) ParOldGen: 217873K->217913K(262144K)
[2022-08-16T09:55:53.470-0500][67210.579s][info][gc,metaspace   ] GC(93) Metaspace: 152455K->152455K(1187840K)
[2022-08-16T09:55:53.470-0500][67210.579s][info][gc             ] GC(93) Pause Young (Allocation Failure) 463M->213M(509M) 3.225ms
[2022-08-16T09:55:53.470-0500][67210.579s][info][gc,cpu         ] GC(93) User=0.02s Sys=0.00s Real=0.01s
[2022-08-16T11:23:47.577-0500][72484.503s][info][gc,start       ] GC(94) Pause Young (Allocation Failure)
[2022-08-16T11:23:47.579-0500][72484.505s][info][gc,heap        ] GC(94) PSYoungGen: 256320K->256K(259072K)
[2022-08-16T11:23:47.579-0500][72484.505s][info][gc,heap        ] GC(94) ParOldGen: 217913K->217913K(262144K)
[2022-08-16T11:23:47.579-0500][72484.505s][info][gc,metaspace   ] GC(94) Metaspace: 152455K->152455K(1187840K)
[2022-08-16T11:23:47.579-0500][72484.505s][info][gc             ] GC(94) Pause Young (Allocation Failure) 463M->213M(509M) 1.934ms
[2022-08-16T11:23:47.579-0500][72484.505s][info][gc,cpu         ] GC(94) User=0.00s Sys=0.00s Real=0.00s
[2022-08-16T18:25:42.849-0500][77703.987s][info][gc,start       ] GC(95) Pause Young (Allocation Failure)
[2022-08-16T18:25:42.851-0500][77703.989s][info][gc,heap        ] GC(95) PSYoungGen: 256256K->288K(259584K)
[2022-08-16T18:25:42.851-0500][77703.989s][info][gc,heap        ] GC(95) ParOldGen: 217913K->217929K(262144K)
[2022-08-16T18:25:42.851-0500][77703.989s][info][gc,metaspace   ] GC(95) Metaspace: 152458K->152458K(1187840K)
[2022-08-16T18:25:42.851-0500][77703.989s][info][gc             ] GC(95) Pause Young (Allocation Failure) 463M->213M(509M) 2.255ms
[2022-08-16T18:25:42.851-0500][77703.989s][info][gc,cpu         ] GC(95) User=0.01s Sys=0.00s Real=0.01s
[2022-08-16T19:54:20.666-0500][83021.773s][info][gc,start       ] GC(96) Pause Young (Allocation Failure)
[2022-08-16T19:54:20.668-0500][83021.775s][info][gc,heap        ] GC(96) PSYoungGen: 257312K->288K(259584K)
[2022-08-16T19:54:20.669-0500][83021.775s][info][gc,heap        ] GC(96) ParOldGen: 217929K->218001K(262144K)
[2022-08-16T19:54:20.669-0500][83021.775s][info][gc,metaspace   ] GC(96) Metaspace: 152460K->152460K(1187840K)
[2022-08-16T19:54:20.669-0500][83021.775s][info][gc             ] GC(96) Pause Young (Allocation Failure) 464M->213M(509M) 2.590ms
[2022-08-16T19:54:20.669-0500][83021.775s][info][gc,cpu         ] GC(96) User=0.00s Sys=0.00s Real=0.00s
[2022-08-16T23:16:50.775-0500][87785.341s][info][gc,start       ] GC(97) Pause Young (Allocation Failure)
[2022-08-16T23:16:50.779-0500][87785.345s][info][gc,heap        ] GC(97) PSYoungGen: 257312K->192K(259584K)
[2022-08-16T23:16:50.779-0500][87785.345s][info][gc,heap        ] GC(97) ParOldGen: 218001K->218025K(262144K)
[2022-08-16T23:16:50.779-0500][87785.345s][info][gc,metaspace   ] GC(97) Metaspace: 152462K->152462K(1187840K)
[2022-08-16T23:16:50.779-0500][87785.345s][info][gc             ] GC(97) Pause Young (Allocation Failure) 464M->213M(509M) 3.975ms
[2022-08-16T23:16:50.779-0500][87785.345s][info][gc,cpu         ] GC(97) User=0.01s Sys=0.00s Real=0.00s
[2022-08-17T09:10:25.911-0500][93047.943s][info][gc,start       ] GC(98) Pause Young (Allocation Failure)
[2022-08-17T09:10:25.913-0500][93047.945s][info][gc,heap        ] GC(98) PSYoungGen: 257216K->288K(259584K)
[2022-08-17T09:10:25.913-0500][93047.945s][info][gc,heap        ] GC(98) ParOldGen: 218025K->218097K(262144K)
[2022-08-17T09:10:25.913-0500][93047.945s][info][gc,metaspace   ] GC(98) Metaspace: 152464K->152464K(1187840K)
[2022-08-17T09:10:25.913-0500][93047.945s][info][gc             ] GC(98) Pause Young (Allocation Failure) 464M->213M(509M) 2.567ms
[2022-08-17T09:10:25.914-0500][93047.945s][info][gc,cpu         ] GC(98) User=0.01s Sys=0.00s Real=0.00s
[2022-08-17T09:46:28.690-0500][95210.662s][info][gc,heap,exit   ] Heap
[2022-08-17T09:46:28.690-0500][95210.662s][info][gc,heap,exit   ]  PSYoungGen      total 259584K, used 130301K [0x00000007e0000000, 0x00000007f0000000, 0x0000000800000000)
[2022-08-17T09:46:28.690-0500][95210.662s][info][gc,heap,exit   ]   eden space 257024K, 50% used [0x00000007e0000000,0x00000007e7ef7438,0x00000007efb00000)
[2022-08-17T09:46:28.690-0500][95210.662s][info][gc,heap,exit   ]   from space 2560K, 11% used [0x00000007efb00000,0x00000007efb48000,0x00000007efd80000)
[2022-08-17T09:46:28.690-0500][95210.662s][info][gc,heap,exit   ]   to   space 2560K, 0% used [0x00000007efd80000,0x00000007efd80000,0x00000007f0000000)
[2022-08-17T09:46:28.690-0500][95210.662s][info][gc,heap,exit   ]  ParOldGen       total 262144K, used 218097K [0x00000007c0000000, 0x00000007d0000000, 0x00000007e0000000)
[2022-08-17T09:46:28.690-0500][95210.662s][info][gc,heap,exit   ]   object space 262144K, 83% used [0x00000007c0000000,0x00000007cd4fc6c0,0x00000007d0000000)
[2022-08-17T09:46:28.690-0500][95210.662s][info][gc,heap,exit   ]  Metaspace       used 152690K, capacity 157702K, committed 157936K, reserved 1187840K
[2022-08-17T09:46:28.690-0500][95210.662s][info][gc,heap,exit   ]   class space    used 17644K, capacity 19297K, committed 19328K, reserved 1048576K
